Component: ARM Compiler 5.06 update 7 (build 960) Tool: armlink [4d3601]

==============================================================================

Section Cross References

    startup_stm32f103xe.o(STACK) refers (Special) to heapauxi.o(.text) for __use_two_region_memory
    startup_stm32f103xe.o(HEAP) refers (Special) to heapauxi.o(.text) for __use_two_region_memory
    startup_stm32f103xe.o(RESET) refers (Special) to heapauxi.o(.text) for __use_two_region_memory
    startup_stm32f103xe.o(RESET) refers to startup_stm32f103xe.o(STACK) for __initial_sp
    startup_stm32f103xe.o(RESET) refers to startup_stm32f103xe.o(.text) for Reset_Handler
    startup_stm32f103xe.o(RESET) refers to stm32f1xx_it.o(i.NMI_Handler) for NMI_Handler
    startup_stm32f103xe.o(RESET) refers to stm32f1xx_it.o(i.HardFault_Handler) for HardFault_Handler
    startup_stm32f103xe.o(RESET) refers to stm32f1xx_it.o(i.MemManage_Handler) for MemManage_Handler
    startup_stm32f103xe.o(RESET) refers to stm32f1xx_it.o(i.BusFault_Handler) for BusFault_Handler
    startup_stm32f103xe.o(RESET) refers to stm32f1xx_it.o(i.UsageFault_Handler) for UsageFault_Handler
    startup_stm32f103xe.o(RESET) refers to stm32f1xx_it.o(i.SVC_Handler) for SVC_Handler
    startup_stm32f103xe.o(RESET) refers to stm32f1xx_it.o(i.DebugMon_Handler) for DebugMon_Handler
    startup_stm32f103xe.o(RESET) refers to stm32f1xx_it.o(i.PendSV_Handler) for PendSV_Handler
    startup_stm32f103xe.o(RESET) refers to stm32f1xx_it.o(i.SysTick_Handler) for SysTick_Handler
    startup_stm32f103xe.o(RESET) refers to stm32f1xx_it.o(i.DMA1_Channel1_IRQHandler) for DMA1_Channel1_IRQHandler
    startup_stm32f103xe.o(RESET) refers to stm32f1xx_it.o(i.TIM3_IRQHandler) for TIM3_IRQHandler
    startup_stm32f103xe.o(.text) refers (Special) to heapauxi.o(.text) for __use_two_region_memory
    startup_stm32f103xe.o(.text) refers to system_stm32f1xx.o(i.SystemInit) for SystemInit
    startup_stm32f103xe.o(.text) refers to __main.o(!!!main) for __main
    startup_stm32f103xe.o(.text) refers to startup_stm32f103xe.o(HEAP) for Heap_Mem
    startup_stm32f103xe.o(.text) refers to startup_stm32f103xe.o(STACK) for Stack_Mem
    lcd_driver.o(i.Gui_DrawPoint) refers to lcd_driver.o(i.Lcd_SetRegion) for Lcd_SetRegion
    lcd_driver.o(i.Gui_DrawPoint) refers to lcd_driver.o(i.LCD_WriteData_16Bit) for LCD_WriteData_16Bit
    lcd_driver.o(i.LCD_GPIO_Init) refers to stm32f1xx_hal_gpio.o(i.HAL_GPIO_WritePin) for HAL_GPIO_WritePin
    lcd_driver.o(i.LCD_GPIO_Init) refers to stm32f1xx_hal_gpio.o(i.HAL_GPIO_Init) for HAL_GPIO_Init
    lcd_driver.o(i.LCD_WriteData_16Bit) refers to lcd_driver.o(i.SPI_WriteData) for SPI_WriteData
    lcd_driver.o(i.Lcd_Clear) refers to lcd_driver.o(i.Lcd_SetRegion) for Lcd_SetRegion
    lcd_driver.o(i.Lcd_Clear) refers to lcd_driver.o(i.Lcd_WriteIndex) for Lcd_WriteIndex
    lcd_driver.o(i.Lcd_Clear) refers to lcd_driver.o(i.LCD_WriteData_16Bit) for LCD_WriteData_16Bit
    lcd_driver.o(i.Lcd_Init) refers to lcd_driver.o(i.LCD_GPIO_Init) for LCD_GPIO_Init
    lcd_driver.o(i.Lcd_Init) refers to lcd_driver.o(i.Lcd_Reset) for Lcd_Reset
    lcd_driver.o(i.Lcd_Init) refers to lcd_driver.o(i.Lcd_WriteIndex) for Lcd_WriteIndex
    lcd_driver.o(i.Lcd_Init) refers to delay.o(i.delay_ms) for delay_ms
    lcd_driver.o(i.Lcd_Init) refers to lcd_driver.o(i.Lcd_WriteData) for Lcd_WriteData
    lcd_driver.o(i.Lcd_ReadPoint) refers to lcd_driver.o(i.Lcd_SetXY) for Lcd_SetXY
    lcd_driver.o(i.Lcd_ReadPoint) refers to lcd_driver.o(i.Lcd_WriteData) for Lcd_WriteData
    lcd_driver.o(i.Lcd_Reset) refers to delay.o(i.delay_ms) for delay_ms
    lcd_driver.o(i.Lcd_SetRegion) refers to lcd_driver.o(i.Lcd_WriteIndex) for Lcd_WriteIndex
    lcd_driver.o(i.Lcd_SetRegion) refers to lcd_driver.o(i.Lcd_WriteData) for Lcd_WriteData
    lcd_driver.o(i.Lcd_SetXY) refers to lcd_driver.o(i.Lcd_SetRegion) for Lcd_SetRegion
    lcd_driver.o(i.Lcd_WriteData) refers to lcd_driver.o(i.SPI_WriteData) for SPI_WriteData
    lcd_driver.o(i.Lcd_WriteIndex) refers to lcd_driver.o(i.SPI_WriteData) for SPI_WriteData
    lcd_driver.o(i.Lcd_WriteReg) refers to lcd_driver.o(i.Lcd_WriteIndex) for Lcd_WriteIndex
    lcd_driver.o(i.Lcd_WriteReg) refers to lcd_driver.o(i.Lcd_WriteData) for Lcd_WriteData
    gui.o(i.DisplayButtonDown) refers to gui.o(i.Gui_DrawLine) for Gui_DrawLine
    gui.o(i.DisplayButtonUp) refers to gui.o(i.Gui_DrawLine) for Gui_DrawLine
    gui.o(i.Gui_Circle) refers to lcd_driver.o(i.Gui_DrawPoint) for Gui_DrawPoint
    gui.o(i.Gui_DrawFont_GBK16) refers to lcd_driver.o(i.Gui_DrawPoint) for Gui_DrawPoint
    gui.o(i.Gui_DrawFont_GBK16) refers to gui.o(.constdata) for asc16
    gui.o(i.Gui_DrawFont_GBK24) refers to lcd_driver.o(i.Gui_DrawPoint) for Gui_DrawPoint
    gui.o(i.Gui_DrawFont_GBK24) refers to gui.o(.constdata) for asc16
    gui.o(i.Gui_DrawFont_Num32) refers to lcd_driver.o(i.Gui_DrawPoint) for Gui_DrawPoint
    gui.o(i.Gui_DrawFont_Num32) refers to gui.o(.constdata) for sz32
[...]
    i.Gui_DrawFont_GBK16                     0x08001600   Section        0  gui.o(i.Gui_DrawFont_GBK16)
    i.Gui_DrawPoint                          0x08001794   Section        0  lcd_driver.o(i.Gui_DrawPoint)
    i.HAL_ADCEx_Calibration_Start            0x080017b4   Section        0  stm32f1xx_hal_adc_ex.o(i.HAL_ADCEx_Calibration_Start)
    i.HAL_ADC_ConfigChannel                  0x080018cc   Section        0  stm32f1xx_hal_adc.o(i.HAL_ADC_ConfigChannel)
    i.HAL_ADC_ConvCpltCallback               0x08001a2c   Section        0  stm32f1xx_hal_adc.o(i.HAL_ADC_ConvCpltCallback)
    i.HAL_ADC_ConvHalfCpltCallback           0x08001a2e   Section        0  stm32f1xx_hal_adc.o(i.HAL_ADC_ConvHalfCpltCallback)
    i.HAL_ADC_ErrorCallback                  0x08001a30   Section        0  stm32f1xx_hal_adc.o(i.HAL_ADC_ErrorCallback)
    i.HAL_ADC_Init                           0x08001a34   Section        0  stm32f1xx_hal_adc.o(i.HAL_ADC_Init)
    i.HAL_ADC_MspInit                        0x08001b94   Section        0  adc.o(i.HAL_ADC_MspInit)
    i.HAL_ADC_Start_DMA                      0x08001c44   Section        0  stm32f1xx_hal_adc.o(i.HAL_ADC_Start_DMA)
    i.HAL_DAC_ConfigChannel                  0x08001dc4   Section        0  stm32f1xx_hal_dac.o(i.HAL_DAC_ConfigChannel)
    i.HAL_DAC_GetValue                       0x08001e26   Section        0  stm32f1xx_hal_dac.o(i.HAL_DAC_GetValue)
    i.HAL_DAC_Init                           0x08001e36   Section        0  stm32f1xx_hal_dac.o(i.HAL_DAC_Init)
    i.HAL_DAC_MspInit                        0x08001e60   Section        0  dac.o(i.HAL_DAC_MspInit)
    i.HAL_DAC_SetValue                       0x08001ed0   Section        0  stm32f1xx_hal_dac.o(i.HAL_DAC_SetValue)
    i.HAL_DAC_Start                          0x08001efc   Section        0  stm32f1xx_hal_dac.o(i.HAL_DAC_Start)
    i.HAL_DMA_IRQHandler                     0x08001f74   Section        0  stm32f1xx_hal_dma.o(i.HAL_DMA_IRQHandler)
    i.HAL_DMA_Init                           0x0800230c   Section        0  stm32f1xx_hal_dma.o(i.HAL_DMA_Init)
    i.HAL_DMA_Start_IT                       0x08002398   Section        0  stm32f1xx_hal_dma.o(i.HAL_DMA_Start_IT)
    i.HAL_GPIO_Init                          0x08002434   Section        0  stm32f1xx_hal_gpio.o(i.HAL_GPIO_Init)
    i.HAL_GPIO_ReadPin                       0x08002774   Section        0  stm32f1xx_hal_gpio.o(i.HAL_GPIO_ReadPin)
    i.HAL_GPIO_WritePin                      0x08002784   Section        0  stm32f1xx_hal_gpio.o(i.HAL_GPIO_WritePin)
    i.HAL_GetTick                            0x08002790   Section        0  stm32f1xx_hal.o(i.HAL_GetTick)
    i.HAL_IncTick                            0x0800279c   Section        0  stm32f1xx_hal.o(i.HAL_IncTick)
    i.HAL_Init                               0x080027b4   Section        0  stm32f1xx_hal.o(i.HAL_Init)
    i.HAL_InitTick                           0x080027dc   Section        0  stm32f1xx_hal.o(i.HAL_InitTick)
    i.HAL_MspInit                            0x08002828   Section        0  stm32f1xx_hal_msp.o(i.HAL_MspInit)
    i.HAL_NVIC_EnableIRQ                     0x0800287c   Section        0  stm32f1xx_hal_cortex.o(i.HAL_NVIC_EnableIRQ)
    i.HAL_NVIC_SetPriority                   0x0800289c   Section        0  stm32f1xx_hal_cortex.o(i.HAL_NVIC_SetPriority)
    i.HAL_NVIC_SetPriorityGrouping           0x08002918   Section        0  stm32f1xx_hal_cortex.o(i.HAL_NVIC_SetPriorityGrouping)
    i.HAL_RCCEx_GetPeriphCLKFreq             0x08002940   Section        0  stm32f1xx_hal_rcc_ex.o(i.HAL_RCCEx_GetPeriphCLKFreq)
    i.HAL_RCCEx_PeriphCLKConfig              0x08002a74   Section        0  stm32f1xx_hal_rcc_ex.o(i.HAL_RCCEx_PeriphCLKConfig)
    i.HAL_RCC_ClockConfig                    0x08002ba4   Section        0  stm32f1xx_hal_rcc.o(i.HAL_RCC_ClockConfig)
    i.HAL_RCC_GetHCLKFreq                    0x08002d30   Section        0  stm32f1xx_hal_rcc.o(i.HAL_RCC_GetHCLKFreq)
    i.HAL_RCC_GetPCLK2Freq                   0x08002d3c   Section        0  stm32f1xx_hal_rcc.o(i.HAL_RCC_GetPCLK2Freq)
    i.HAL_RCC_GetSysClockFreq                0x08002d5c   Section        0  stm32f1xx_hal_rcc.o(i.HAL_RCC_GetSysClockFreq)
    i.HAL_RCC_OscConfig                      0x08002df0   Section        0  stm32f1xx_hal_rcc.o(i.HAL_RCC_OscConfig)
    i.HAL_SYSTICK_CLKSourceConfig            0x08003254   Section        0  stm32f1xx_hal_cortex.o(i.HAL_SYSTICK_CLKSourceConfig)
    i.HAL_SYSTICK_Config                     0x0800327c   Section        0  stm32f1xx_hal_cortex.o(i.HAL_SYSTICK_Config)
    i.HAL_TIMEx_BreakCallback                0x080032b0   Section        0  stm32f1xx_hal_tim_ex.o(i.HAL_TIMEx_BreakCallback)
    i.HAL_TIMEx_CommutCallback               0x080032b2   Section        0  stm32f1xx_hal_tim_ex.o(i.HAL_TIMEx_CommutCallback)
    i.HAL_TIMEx_MasterConfigSynchronization  0x080032b4   Section        0  stm32f1xx_hal_tim_ex.o(i.HAL_TIMEx_MasterConfigSynchronization)
    i.HAL_TIM_Base_Init                      0x08003350   Section        0  stm32f1xx_hal_tim.o(i.HAL_TIM_Base_Init)
    i.HAL_TIM_Base_MspInit                   0x080033b8   Section        0  tim.o(i.HAL_TIM_Base_MspInit)
    i.HAL_TIM_Base_Start_IT                  0x080033fc   Section        0  stm32f1xx_hal_tim.o(i.HAL_TIM_Base_Start_IT)
    i.HAL_TIM_ConfigClockSource              0x0800348c   Section        0  stm32f1xx_hal_tim.o(i.HAL_TIM_ConfigClockSource)
    i.HAL_TIM_IC_CaptureCallback             0x08003594   Section        0  stm32f1xx_hal_tim.o(i.HAL_TIM_IC_CaptureCallback)
    i.HAL_TIM_IRQHandler                     0x08003596   Section        0  stm32f1xx_hal_tim.o(i.HAL_TIM_IRQHandler)
    i.HAL_TIM_MspPostInit                    0x0800372c   Section        0  tim.o(i.HAL_TIM_MspPostInit)
    i.HAL_TIM_OC_DelayElapsedCallback        0x08003784   Section        0  stm32f1xx_hal_tim.o(i.HAL_TIM_OC_DelayElapsedCallback)
    i.HAL_TIM_PWM_ConfigChannel              0x08003786   Section        0  stm32f1xx_hal_tim.o(i.HAL_TIM_PWM_ConfigChannel)
    i.HAL_TIM_PWM_Init                       0x08003882   Section        0  stm32f1xx_hal_tim.o(i.HAL_TIM_PWM_Init)
    i.HAL_TIM_PWM_MspInit                    0x080038e8   Section        0  stm32f1xx_hal_tim.o(i.HAL_TIM_PWM_MspInit)
    i.HAL_TIM_PWM_PulseFinishedCallback      0x080038ea   Section        0  stm32f1xx_hal_tim.o(i.HAL_TIM_PWM_PulseFinishedCallback)
    i.HAL_TIM_PeriodElapsedCallback          0x080038ec   Section        0  tim.o(i.HAL_TIM_PeriodElapsedCallback)
    i.HAL_TIM_TriggerCallback                0x08003908   Section        0  stm32f1xx_hal_tim.o(i.HAL_TIM_TriggerCallback)
    i.HardFault_Handler                      0x0800390a   Section        0  stm32f1xx_it.o(i.HardFault_Handler)
    i.KEY_Init                               0x08003910   Section        0  key.o(i.KEY_Init)
    i.KEY_Scan                               0x080039ac   Section        0  key.o(i.KEY_Scan)
    i.LCD_GPIO_Init                          0x08003a74   Section        0  lcd_driver.o(i.LCD_GPIO_Init)
    i.LCD_WriteData_16Bit                    0x08003b58   Section        0  lcd_driver.o(i.LCD_WriteData_16Bit)
    i.Lcd_Clear                              0x08003b8c   Section        0  lcd_driver.o(i.Lcd_Clear)
    i.Lcd_Init                               0x08003bbe   Section        0  lcd_driver.o(i.Lcd_Init)
    i.Lcd_Reset                              0x08003de0   Section        0  lcd_driver.o(i.Lcd_Reset)
    i.Lcd_SetRegion                          0x08003df0   Section        0  lcd_driver.o(i.Lcd_SetRegion)
    i.Lcd_WriteData                          0x08003e48   Section        0  lcd_driver.o(i.Lcd_WriteData)
    i.Lcd_WriteIndex                         0x08003e74   Section        0  lcd_driver.o(i.Lcd_WriteIndex)
    i.MX_ADC1_Init                           0x08003ea0   Section        0  adc.o(i.MX_ADC1_Init)
    i.MX_DAC_Init                            0x08003f40   Section        0  dac.o(i.MX_DAC_Init)
    i.MX_DMA_Init                            0x08003f84   Section        0  dma.o(i.MX_DMA_Init)
    i.MX_GPIO_Init                           0x08003fa8   Section        0  gpio.o(i.MX_GPIO_Init)
    i.MX_TIM3_Init                           0x08003fb8   Section        0  tim.o(i.MX_TIM3_Init)
    i.MemManage_Handler                      0x08004064   Section        0  stm32f1xx_it.o(i.MemManage_Handler)
    i.Mode1                                  0x08004068   Section        0  main.o(i.Mode1)
    i.Mode2                                  0x080041c0   Section        0  main.o(i.Mode2)
    i.Mode3                                  0x08004344   Section        0  main.o(i.Mode3)
    i.NMI_Handler                            0x08004500   Section        0  stm32f1xx_it.o(i.NMI_Handler)
    i.PendSV_Handler                         0x08004504   Section        0  stm32f1xx_it.o(i.PendSV_Handler)
    i.RCC_Delay                              0x08004508   Section        0  stm32f1xx_hal_rcc.o(i.RCC_Delay)
    RCC_Delay                                0x08004509   Thumb Code    36  stm32f1xx_hal_rcc.o(i.RCC_Delay)
    i.SPI_WriteData                          0x08004530   Section        0  lcd_driver.o(i.SPI_WriteData)
    i.SVC_Handler                            0x08004570   Section        0  stm32f1xx_it.o(i.SVC_Handler)
    i.SysTick_Handler                        0x08004572   Section        0  stm32f1xx_it.o(i.SysTick_Handler)
    i.SystemClock_Config                     0x0800457a   Section        0  main.o(i.SystemClock_Config)
    i.SystemInit                             0x080045fc   Section        0  system_stm32f1xx.o(i.SystemInit)
    i.TIM3_IRQHandler                        0x08004600   Section        0  stm32f1xx_it.o(i.TIM3_IRQHandler)
    i.TIM_Base_SetConfig                     0x08004610   Section        0  stm32f1xx_hal_tim.o(i.TIM_Base_SetConfig)
    i.TIM_ETR_SetConfig                      0x080046ac   Section        0  stm32f1xx_hal_tim.o(i.TIM_ETR_SetConfig)
    i.TIM_ITRx_SetConfig                     0x080046c2   Section        0  stm32f1xx_hal_tim.o(i.TIM_ITRx_SetConfig)
    TIM_ITRx_SetConfig                       0x080046c3   Thumb Code    18  stm32f1xx_hal_tim.o(i.TIM_ITRx_SetConfig)
    i.TIM_OC1_SetConfig                      0x080046d4   Section        0  stm32f1xx_hal_tim.o(i.TIM_OC1_SetConfig)
    TIM_OC1_SetConfig                        0x080046d5   Thumb Code   104  stm32f1xx_hal_tim.o(i.TIM_OC1_SetConfig)
    i.TIM_OC2_SetConfig                      0x08004744   Section        0  stm32f1xx_hal_tim.o(i.TIM_OC2_SetConfig)
    i.TIM_OC3_SetConfig                      0x080047c0   Section        0  stm32f1xx_hal_tim.o(i.TIM_OC3_SetConfig)
    TIM_OC3_SetConfig                        0x080047c1   Thumb Code   112  stm32f1xx_hal_tim.o(i.TIM_OC3_SetConfig)
    i.TIM_OC4_SetConfig                      0x08004838   Section        0  stm32f1xx_hal_tim.o(i.TIM_OC4_SetConfig)
    TIM_OC4_SetConfig                        0x08004839   Thumb Code    74  stm32f1xx_hal_tim.o(i.TIM_OC4_SetConfig)
    i.TIM_TI1_ConfigInputStage               0x0800488c   Section        0  stm32f1xx_hal_tim.o(i.TIM_TI1_ConfigInputStage)
    TIM_TI1_ConfigInputStage                 0x0800488d   Thumb Code    38  stm32f1xx_hal_tim.o(i.TIM_TI1_ConfigInputStage)
    i.TIM_TI2_ConfigInputStage               0x080048b2   Section        0  stm32f1xx_hal_tim.o(i.TIM_TI2_ConfigInputStage)
    TIM_TI2_ConfigInputStage                 0x080048b3   Thumb Code    40  stm32f1xx_hal_tim.o(i.TIM_TI2_ConfigInputStage)
    i.Tim3_Deal                              0x080048dc   Section        0  main.o(i.Tim3_Deal)
    i.UsageFault_Handler                     0x08004b24   Section        0  stm32f1xx_it.o(i.UsageFault_Handler)
    i.__ARM_fpclassify                       0x08004b28   Section        0  fpclassify.o(i.__ARM_fpclassify)
    i.__NVIC_GetPriorityGrouping             0x08004b50   Section        0  stm32f1xx_hal_cortex.o(i.__NVIC_GetPriorityGrouping)
    __NVIC_GetPriorityGrouping               0x08004b51   Thumb Code    10  stm32f1xx_hal_cortex.o(i.__NVIC_GetPriorityGrouping)
    i.__NVIC_SetPriority                     0x08004b60   Section        0  stm32f1xx_hal_cortex.o(i.__NVIC_SetPriority)
    __NVIC_SetPriority                       0x08004b61   Thumb Code    32  stm32f1xx_hal_cortex.o(i.__NVIC_SetPriority)
    i._is_digit                              0x08004b88   Section        0  __printf_wp.o(i._is_digit)
    i.delay_init                             0x08004b98   Section        0  delay.o(i.delay_init)
    i.delay_ms                               0x08004bac   Section        0  delay.o(i.delay_ms)
    i.delay_us                               0x08004bc4   Section        0  delay.o(i.delay_us)
    i.main                                   0x08004c0c   Section        0  main.o(i.main)
    locale$$code                             0x08004d70   Section       44  lc_numeric_c.o(locale$$code)
    x$fpl$d2f                                0x08004d9c   Section       98  d2f.o(x$fpl$d2f)
    x$fpl$dadd                               0x08004e00   Section      336  daddsub_clz.o(x$fpl$dadd)
    _dadd1                                   0x08004e11   Thumb Code     0  daddsub_clz.o(x$fpl$dadd)
    x$fpl$dcmpinf                            0x08004f50   Section       24  dcmpi.o(x$fpl$dcmpinf)
    x$fpl$ddiv                               0x08004f68   Section      688  ddiv.o(x$fpl$ddiv)
    ddiv_entry                               0x08004f6f   Thumb Code     0  ddiv.o(x$fpl$ddiv)
    x$fpl$dfixu                              0x08005218   Section       90  dfixu.o(x$fpl$dfixu)
    x$fpl$dfltu                              0x08005272   Section       38  dflt_clz.o(x$fpl$dfltu)
    x$fpl$dleqf                              0x08005298   Section      120  dleqf.o(x$fpl$dleqf)
    x$fpl$dmul                               0x08005310   Section      340  dmul.o(x$fpl$dmul)
    x$fpl$dnaninf                            0x08005464   Section      156  dnaninf.o(x$fpl$dnaninf)
    x$fpl$dretinf                            0x08005500   Section       12  dretinf.o(x$fpl$dretinf)
    x$fpl$drleqf                             0x0800550c   Section      108  drleqf.o(x$fpl$drleqf)
    x$fpl$dsub                               0x08005578   Section      468  daddsub_clz.o(x$fpl$dsub)
    _dsub1                                   0x08005589   Thumb Code     0  daddsub_clz.o(x$fpl$dsub)
    x$fpl$f2d                                0x0800574c   Section       86  f2d.o(x$fpl$f2d)
    x$fpl$fdiv                               0x080057a4   Section      388  fdiv.o(x$fpl$fdiv)
    _fdiv1                                   0x080057a5   Thumb Code     0  fdiv.o(x$fpl$fdiv)
    x$fpl$ffltu                              0x08005928   Section       38  fflt_clz.o(x$fpl$ffltu)
    x$fpl$fnaninf                            0x0800594e   Section      140  fnaninf.o(x$fpl$fnaninf)
    x$fpl$fretinf                            0x080059da   Section       10  fretinf.o(x$fpl$fretinf)
    x$fpl$printf1                            0x080059e4   Section        4  printf1.o(x$fpl$printf1)
    .constdata                               0x080059e8   Section     6352  gui.o(.constdata)
    x$fpl$usenofp                            0x080059e8   Section        0  usenofp.o(x$fpl$usenofp)
    .constdata                               0x080072b8   Section       24  system_stm32f1xx.o(.constdata)
    .constdata                               0x080072d0   Section       17  __printf_flags_wp.o(.constdata)
    maptable                                 0x080072d0   Data          17  __printf_flags_wp.o(.constdata)
    .constdata                               0x080072e4   Section      148  bigflt0.o(.constdata)
    tenpwrs_x                                0x080072e4   Data          60  bigflt0.o(.constdata)
    tenpwrs_i                                0x08007320   Data          64  bigflt0.o(.constdata)
    locale$$data                             0x08007398   Section       28  lc_numeric_c.o(locale$$data)
    __lcnum_c_name                           0x0800739c   Data           2  lc_numeric_c.o(locale$$data)
    __lcnum_c_start                          0x080073a4   Data           0  lc_numeric_c.o(locale$$data)
    __lcnum_c_point                          0x080073b0   Data           0  lc_numeric_c.o(locale$$data)
    __lcnum_c_thousands                      0x080073b2   Data           0  lc_numeric_c.o(locale$$data)
    __lcnum_c_grouping                       0x080073b3   Data           0  lc_numeric_c.o(locale$$data)
    __lcnum_c_end                            0x080073b4   Data           0  lc_numeric_c.o(locale$$data)
    .data                                    0x20000000   Section        1  key.o(.data)
    key_up                                   0x20000000   Data           1  key.o(.data)
    .data                                    0x20000004   Section        4  delay.o(.data)
    fac_us                                   0x20000004   Data           4  delay.o(.data)
    .data                                    0x20000008   Section      154  main.o(.data)
    .data                                    0x200000a2   Section        2  tim.o(.data)
    .data                                    0x200000a4   Section        9  stm32f1xx_hal.o(.data)
    .data                                    0x200000b0   Section        4  system_stm32f1xx.o(.data)
    .bss                                     0x200000b4   Section       74  main.o(.bss)
    .bss                                     0x20000100   Section      116  adc.o(.bss)
    .bss                                     0x20000174   Section       20  dac.o(.bss)
    .bss                                     0x20000188   Section       72  tim.o(.bss)
    .bss                                     0x200001d0   Section       96  libspace.o(.bss)
    HEAP                                     0x20000230   Section      512  startup_stm32f103xe.o(HEAP)
    Heap_Mem                                 0x20000230   Data         512  startup_stm32f103xe.o(HEAP)
    STACK                                    0x20000430   Section     1024  startup_stm32f103xe.o(STACK)
    Stack_Mem                                0x20000430   Data        1024  startup_stm32f103xe.o(STACK)
    __initial_sp                             0x20000830   Data           0  startup_stm32f103xe.o(STACK)

    Global Symbols

    Symbol Name                              Value     Ov Type        Size  Object(Section)

    BuildAttributes$$THM_ISAv4$P$D$K$B$S$PE$A:L22UL41UL21$X:L11$S22US41US21$IEEE1$IW$USESV6$~STKCKD$USESV7$~SHL$OTIME$ROPI$IEEEJ$EBA8$UX$STANDARDLIB$REQ8$PRES8$EABIv2 0x00000000   Number         0  anon$$obj.o ABSOLUTE
    __ARM_use_no_argv                        0x00000000   Number         0  main.o ABSOLUTE
    _printf_flags                            0x00000000   Number         0  printf_stubs.o ABSOLUTE
    _printf_return_value                     0x00000000   Number         0  printf_stubs.o ABSOLUTE
    _printf_sizespec                         0x00000000   Number         0  printf_stubs.o ABSOLUTE
    _printf_widthprec                        0x00000000   Number         0  printf_stubs.o ABSOLUTE
    __ARM_exceptions_init                     - Undefined Weak Reference
    __alloca_initialize                       - Undefined Weak Reference
    __arm_fini_                               - Undefined Weak Reference
    __arm_preinit_                            - Undefined Weak Reference
    __cpp_initialize__aeabi_                  - Undefined Weak Reference
    __cxa_finalize                            - Undefined Weak Reference
    __sigvec_lookup                           - Undefined Weak Reference
    _atexit_init                              - Undefined Weak Reference
    _call_atexit_fns                          - Undefined Weak Reference
    _clock_init                               - Undefined Weak Reference
    _fp_trap_init                             - Undefined Weak Reference
    _fp_trap_shutdown                         - Undefined Weak Reference
    _get_lc_collate                           - Undefined Weak Reference
    _get_lc_ctype                             - Undefined Weak Reference
    _get_lc_monetary                          - Undefined Weak Reference
    _get_lc_time                              - Undefined Weak Reference
    _getenv_init                              - Undefined Weak Reference
    _handle_redirection                       - Undefined Weak Reference
    _init_alloc                               - Undefined Weak Reference
    _init_user_alloc                          - Undefined Weak Reference
    _initio                                   - Undefined Weak Reference
    _printf_truncate_signed                   - Undefined Weak Reference
    _printf_truncate_unsigned                 - Undefined Weak Reference
    _rand_init                                - Undefined Weak Reference
    _signal_finish                            - Undefined Weak Reference
    _signal_init                              - Undefined Weak Reference
    _terminate_alloc                          - Undefined Weak Reference
    _terminate_user_alloc                     - Undefined Weak Reference
    _terminateio                              - Undefined Weak Reference
    __Vectors_Size                           0x00000130   Number         0  startup_stm32f103xe.o ABSOLUTE
    __Vectors                                0x08000000   Data           4  startup_stm32f103xe.o(RESET)
    __Vectors_End                            0x08000130   Data           0  startup_stm32f103xe.o(RESET)
    __main                                   0x08000131   Thumb Code     8  __main.o(!!!main)
    __scatterload                            0x08000139   Thumb Code     0  __scatter.o(!!!scatter)
    __scatterload_rt2                        0x08000139   Thumb Code    44  __scatter.o(!!!scatter)
    __scatterload_rt2_thumb_only             0x08000139   Thumb Code     0  __scatter.o(!!!scatter)
    __scatterload_null                       0x08000147   Thumb Code     0  __scatter.o(!!!scatter)
    __scatterload_copy                       0x0800016d   Thumb Code    26  __scatter_copy.o(!!handler_copy)
    __scatterload_zeroinit                   0x08000189   Thumb Code    28  __scatter_zi.o(!!handler_zi)
    _printf_f                                0x080001a5   Thumb Code     0  _printf_f.o(.ARM.Collect$$_printf_percent$$00000003)
    _printf_percent                          0x080001a5   Thumb Code     0  _printf_percent.o(.ARM.Collect$$_printf_percent$$00000000)
    _printf_d                                0x080001ab   Thumb Code     0  _printf_d.o(.ARM.Collect$$_printf_percent$$00000009)
    _printf_percent_end                      0x080001b1   Thumb Code     0  _printf_percent_end.o(.ARM.Collect$$_printf_percent$$00000017)
    __rt_lib_init                            0x080001b5   Thumb Code     0  libinit.o(.ARM.Collect$$libinit$$00000000)
    __rt_lib_init_fp_1                       0x080001b7   Thumb Code     0  libinit2.o(.ARM.Collect$$libinit$$00000002)
    __rt_lib_init_heap_1                     0x080001b7   Thumb Code     0  libinit2.o(.ARM.Collect$$libinit$$0000000A)
    __rt_lib_init_lc_common                  0x080001b7   Thumb Code     0  libinit2.o(.ARM.Collect$$libinit$$0000000F)
    __rt_lib_init_preinit_1                  0x080001b7   Thumb Code     0  libinit2.o(.ARM.Collect$$libinit$$00000004)
    __rt_lib_init_rand_1                     0x080001b7   Thumb Code     0  libinit2.o(.ARM.Collect$$libinit$$0000000E)
    __rt_lib_init_user_alloc_1               0x080001b7   Thumb Code     0  libinit2.o(.ARM.Collect$$libinit$$0000000C)
    __rt_lib_init_lc_collate_1               0x080001bd   Thumb Code     0  libinit2.o(.ARM.Collect$$libinit$$00000011)
    __rt_lib_init_lc_ctype_1                 0x080001bd   Thumb Code     0  libinit2.o(.ARM.Collect$$libinit$$00000013)
    __rt_lib_init_lc_monetary_1              0x080001bd   Thumb Code     0  libinit2.o(.ARM.Collect$$libinit$$00000015)
    __rt_lib_init_lc_numeric_2               0x080001bd   Thumb Code     0  libinit2.o(.ARM.Collect$$libinit$$00000016)
    __rt_lib_init_alloca_1                   0x080001c7   Thumb Code     0  libinit2.o(.ARM.Collect$$libinit$$0000002E)
    __rt_lib_init_argv_1                     0x080001c7   Thumb Code     0  libinit2.o(.ARM.Collect$$libinit$$0000002C)
    __rt_lib_init_atexit_1                   0x080001c7   Thumb Code     0  libinit2.o(.ARM.Collect$$libinit$$0000001B)
    __rt_lib_init_clock_1                    0x080001c7   Thumb Code     0  libinit2.o(.ARM.Collect$$libinit$$00000021)
    __rt_lib_init_cpp_1                      0x080001c7   Thumb Code     0  libinit2.o(.ARM.Collect$$libinit$$00000032)
    __rt_lib_init_exceptions_1               0x080001c7   Thumb Code     0  libinit2.o(.ARM.Collect$$libinit$$00000030)
    __rt_lib_init_fp_trap_1                  0x080001c7   Thumb Code     0  libinit2.o(.ARM.Collect$$libinit$$0000001F)
    __rt_lib_init_getenv_1                   0x080001c7   Thumb Code     0  libinit2.o(.ARM.Collect$$libinit$$00000023)
    __rt_lib_init_lc_numeric_1               0x080001c7   Thumb Code     0  libinit2.o(.ARM.Collect$$libinit$$00000017)
    __rt_lib_init_lc_time_1                  0x080001c7   Thumb Code     0  libinit2.o(.ARM.Collect$$libinit$$00000019)
    __rt_lib_init_return                     0x080001c7   Thumb Code     0  libinit2.o(.ARM.Collect$$libinit$$00000033)
    __rt_lib_init_signal_1                   0x080001c7   Thumb Code     0  libinit2.o(.ARM.Collect$$libinit$$0000001D)
    __rt_lib_init_stdio_1                    0x080001c7   Thumb Code     0  libinit2.o(.ARM.Collect$$libinit$$00000025)
    __rt_lib_shutdown                        0x080001c9   Thumb Code     0  libshutdown.o(.ARM.Collect$$libshutdown$$00000000)
    __rt_lib_shutdown_cpp_1                  0x080001cb   Thumb Code     0  libshutdown2.o(.ARM.Collect$$libshutdown$$00000004)
    __rt_lib_shutdown_fini_1                 0x080001cb   Thumb Code     0  libshutdown2.o(.ARM.Collect$$libshutdown$$00000002)
    __rt_lib_shutdown_fp_trap_1              0x080001cb   Thumb Code     0  libshutdown2.o(.ARM.Collect$$libshutdown$$00000009)
    __rt_lib_shutdown_heap_1                 0x080001cb   Thumb Code     0  libshutdown2.o(.ARM.Collect$$libshutdown$$00000011)
    __rt_lib_shutdown_return                 0x080001cb   Thumb Code     0  libshutdown2.o(.ARM.Collect$$libshutdown$$00000012)
    __rt_lib_shutdown_signal_1               0x080001cb   Thumb Code     0  libshutdown2.o(.ARM.Collect$$libshutdown$$0000000C)
    __rt_lib_shutdown_stdio_1                0x080001cb   Thumb Code     0  libshutdown2.o(.ARM.Collect$$libshutdown$$00000006)
    __rt_lib_shutdown_user_alloc_1           0x080001cb   Thumb Code     0  libshutdown2.o(.ARM.Collect$$libshutdown$$0000000E)
    __rt_entry                               0x080001cd   Thumb Code     0  __rtentry.o(.ARM.Collect$$rtentry$$00000000)
    __rt_entry_presh_1                       0x080001cd   Thumb Code     0  __rtentry2.o(.ARM.Collect$$rtentry$$00000002)
    __rt_entry_sh                            0x080001cd   Thumb Code     0  __rtentry4.o(.ARM.Collect$$rtentry$$00000004)
    __rt_entry_li                            0x080001d3   Thumb Code     0  __rtentry2.o(.ARM.Collect$$rtentry$$0000000A)
    __rt_entry_postsh_1                      0x080001d3   Thumb Code     0  __rtentry2.o(.ARM.Collect$$rtentry$$00000009)
    __rt_entry_main                          0x080001d7   Thumb Code     0  __rtentry2.o(.ARM.Collect$$rtentry$$0000000D)
    __rt_entry_postli_1                      0x080001d7   Thumb Code     0  __rtentry2.o(.ARM.Collect$$rtentry$$0000000C)
    __rt_exit                                0x080001df   Thumb Code     0  rtexit.o(.ARM.Collect$$rtexit$$00000000)
    __rt_exit_ls                             0x080001e1   Thumb Code     0  rtexit2.o(.ARM.Collect$$rtexit$$00000003)
    __rt_exit_prels_1                        0x080001e1   Thumb Code     0  rtexit2.o(.ARM.Collect$$rtexit$$00000002)
    __rt_exit_exit                           0x080001e5   Thumb Code     0  rtexit2.o(.ARM.Collect$$rtexit$$00000004)
    Reset_Handler                            0x080001ed   Thumb Code     8  startup_stm32f103xe.o(.text)
    ADC1_2_IRQHandler                        0x08000207   Thumb Code     0  startup_stm32f103xe.o(.text)
    ADC3_IRQHandler                          0x08000207   Thumb Code     0  startup_stm32f103xe.o(.text)
    CAN1_RX1_IRQHandler                      0x08000207   Thumb Code     0  startup_stm32f103xe.o(.text)
    CAN1_SCE_IRQHandler                      0x08000207   Thumb Code     0  startup_stm32f103xe.o(.text)
    DMA1_Channel2_IRQHandler                 0x08000207   Thumb Code     0  startup_stm32f103xe.o(.text)
    DMA1_Channel3_IRQHandler                 0x08000207   Thumb Code     0  startup_stm32f103xe.o(.text)
    DMA1_Channel4_IRQHandler                 0x08000207   Thumb Code     0  startup_stm32f103xe.o(.text)
    DMA1_Channel5_IRQHandler                 0x08000207   Thumb Code     0  startup_stm32f103xe.o(.text)
    DMA1_Channel6_IRQHandler                 0x08000207   Thumb Code     0  startup_stm32f103xe.o(.text)
    DMA1_Channel7_IRQHandler                 0x08000207   Thumb Code     0  startup_stm32f103xe.o(.text)
    DMA2_Channel1_IRQHandler                 0x08000207   Thumb Code     0  startup_stm32f103xe.o(.text)
    DMA2_Channel2_IRQHandler                 0x08000207   Thumb Code     0  startup_stm32f103xe.o(.text)
    DMA2_Channel3_IRQHandler                 0x08000207   Thumb Code     0  startup_stm32f103xe.o(.text)
    DMA2_Channel4_5_IRQHandler               0x08000207   Thumb Code     0  startup_stm32f103xe.o(.text)
    EXTI0_IRQHandler                         0x08000207   Thumb Code     0  startup_stm32f103xe.o(.text)
    EXTI15_10_IRQHandler                     0x08000207   Thumb Code     0  startup_stm32f103xe.o(.text)
    EXTI1_IRQHandler                         0x08000207   Thumb Code     0  startup_stm32f103xe.o(.text)
    EXTI2_IRQHandler                         0x08000207   Thumb Code     0  startup_stm32f103xe.o(.text)
    EXTI3_IRQHandler                         0x08000207   Thumb Code     0  startup_stm32f103xe.o(.text)
    EXTI4_IRQHandler                         0x08000207   Thumb Code     0  startup_stm32f103xe.o(.text)
    EXTI9_5_IRQHandler                       0x08000207   Thumb Code     0  startup_stm32f103xe.o(.text)
    FLASH_IRQHandler                         0x08000207   Thumb Code     0  startup_stm32f103xe.o(.text)
    FSMC_IRQHandler                          0x08000207   Thumb Code     0  startup_stm32f103xe.o(.text)
    I2C1_ER_IRQHandler                       0x08000207   Thumb Code     0  startup_stm32f103xe.o(.text)
    I2C1_EV_IRQHandler                       0x08000207   Thumb Code     0  startup_stm32f103xe.o(.text)
    I2C2_ER_IRQHandler                       0x08000207   Thumb Code     0  startup_stm32f103xe.o(.text)
    I2C2_EV_IRQHandler                       0x08000207   Thumb Code     0  startup_stm32f103xe.o(.text)
    PVD_IRQHandler                           0x08000207   Thumb Code     0  startup_stm32f103xe.o(.text)
    RCC_IRQHandler                           0x08000207   Thumb Code     0  startup_stm32f103xe.o(.text)
    RTC_Alarm_IRQHandler                     0x08000207   Thumb Code     0  startup_stm32f103xe.o(.text)
    RTC_IRQHandler                           0x08000207   Thumb Code     0  startup_stm32f103xe.o(.text)
    SDIO_IRQHandler                          0x08000207   Thumb Code     0  startup_stm32f103xe.o(.text)
    SPI1_IRQHandler                          0x08000207   Thumb Code     0  startup_stm32f103xe.o(.text)
    SPI2_IRQHandler                          0x08000207   Thumb Code     0  startup_stm32f103xe.o(.text)
    SPI3_IRQHandler                          0x08000207   Thumb Code     0  startup_stm32f103xe.o(.text)
    TAMPER_IRQHandler                        0x08000207   Thumb Code     0  startup_stm32f103xe.o(.text)
    TIM1_BRK_IRQHandler                      0x08000207   Thumb Code     0  startup_stm32f103xe.o(.text)
    TIM1_CC_IRQHandler                       0x08000207   Thumb Code     0  startup_stm32f103xe.o(.text)
    TIM1_TRG_COM_IRQHandler                  0x08000207   Thumb Code     0  startup_stm32f103xe.o(.text)
    TIM1_UP_IRQHandler                       0x08000207   Thumb Code     0  startup_stm32f103xe.o(.text)
    TIM2_IRQHandler                          0x08000207   Thumb Code     0  startup_stm32f103xe.o(.text)
    TIM4_IRQHandler                          0x08000207   Thumb Code     0  startup_stm32f103xe.o(.text)
    TIM5_IRQHandler                          0x08000207   Thumb Code     0  startup_stm32f103xe.o(.text)
    TIM6_IRQHandler                          0x08000207   Thumb Code     0  startup_stm32f103xe.o(.text)
    TIM7_IRQHandler                          0x08000207   Thumb Code     0  startup_stm32f103xe.o(.text)
    TIM8_BRK_IRQHandler                      0x08000207   Thumb Code     0  startup_stm32f103xe.o(.text)
    TIM8_CC_IRQHandler                       0x08000207   Thumb Code     0  startup_stm32f103xe.o(.text)
    TIM8_TRG_COM_IRQHandler                  0x08000207   Thumb Code     0  startup_stm32f103xe.o(.text)
    TIM8_UP_IRQHandler                       0x08000207   Thumb Code     0  startup_stm32f103xe.o(.text)
    UART4_IRQHandler                         0x08000207   Thumb Code     0  startup_stm32f103xe.o(.text)
    UART5_IRQHandler                         0x08000207   Thumb Code     0  startup_stm32f103xe.o(.text)
    USART1_IRQHandler                        0x08000207   Thumb Code     0  startup_stm32f103xe.o(.text)
    USART2_IRQHandler                        0x08000207   Thumb Code     0  startup_stm32f103xe.o(.text)
    USART3_IRQHandler                        0x08000207   Thumb Code     0  startup_stm32f103xe.o(.text)
    USBWakeUp_IRQHandler                     0x08000207   Thumb Code     0  startup_stm32f103xe.o(.text)
    USB_HP_CAN1_TX_IRQHandler                0x08000207   Thumb Code     0  startup_stm32f103xe.o(.text)
    USB_LP_CAN1_RX0_IRQHandler               0x08000207   Thumb Code     0  startup_stm32f103xe.o(.text)
    WWDG_IRQHandler                          0x08000207   Thumb Code     0  startup_stm32f103xe.o(.text)
    __user_initial_stackheap                 0x08000209   Thumb Code     0  startup_stm32f103xe.o(.text)
    __2sprintf                               0x0800022d   Thumb Code    34  noretval__2sprintf.o(.text)
    _printf_pre_padding                      0x08000255   Thumb Code    44  _printf_pad.o(.text)
    _printf_post_padding                     0x08000281   Thumb Code    34  _printf_pad.o(.text)
    _printf_int_dec                          0x080002a5   Thumb Code   104  _printf_dec.o(.text)
    __printf                                 0x0800031d   Thumb Code   308  __printf_flags_wp.o(.text)
    __aeabi_memclr4                          0x08000455   Thumb Code     0  rt_memclr_w.o(.text)
    __aeabi_memclr8                          0x08000455   Thumb Code     0  rt_memclr_w.o(.text)
    __rt_memclr_w                            0x08000455   Thumb Code    78  rt_memclr_w.o(.text)
    _memset_w                                0x08000459   Thumb Code     0  rt_memclr_w.o(.text)
    __use_two_region_memory                  0x080004a3   Thumb Code     2  heapauxi.o(.text)
    __rt_heap_escrow$2region                 0x080004a5   Thumb Code     2  heapauxi.o(.text)
    __rt_heap_expand$2region                 0x080004a7   Thumb Code     2  heapauxi.o(.text)
    _printf_int_common                       0x080004a9   Thumb Code   178  _printf_intcommon.o(.text)
    __lib_sel_fp_printf                      0x0800055b   Thumb Code     2  _printf_fp_dec.o(.text)
    _printf_fp_dec_real                      0x0800070d   Thumb Code   620  _printf_fp_dec.o(.text)
    _printf_char_common                      0x08000983   Thumb Code    32  _printf_char_common.o(.text)
    _sputc                                   0x080009a9   Thumb Code    10  _sputc.o(.text)
    __rt_locale                              0x080009b5   Thumb Code     8  rt_locale_intlibspace.o(.text)
    _ll_udiv10                               0x080009bd   Thumb Code   138  lludiv10.o(.text)
    _printf_fp_infnan                        0x08000a49   Thumb Code   112  _printf_fp_infnan.o(.text)
    _btod_etento                             0x08000ac9   Thumb Code   224  bigflt0.o(.text)
    __user_libspace                          0x08000bad   Thumb Code     8  libspace.o(.text)
    __user_perproc_libspace                  0x08000bad   Thumb Code     0  libspace.o(.text)
    __user_perthread_libspace                0x08000bad   Thumb Code     0  libspace.o(.text)
    __user_setup_stackheap                   0x08000bb5   Thumb Code    74  sys_stackheap_outer.o(.text)
    exit                                     0x08000bff   Thumb Code    18  exit.o(.text)
    strcmp                                   0x08000c11   Thumb Code   128  strcmpv7m.o(.text)
    _sys_exit                                0x08000c91   Thumb Code     8  sys_exit.o(.text)
    __I$use$semihosting                      0x08000c9d   Thumb Code     0  use_no_semi.o(.text)
    __use_no_semihosting_swi                 0x08000c9d   Thumb Code     2  use_no_semi.o(.text)
    __semihosting_library_function           0x08000c9f   Thumb Code     0  indicate_semi.o(.text)
    _btod_d2e                                0x08000c9f   Thumb Code    62  btod.o(CL$$btod_d2e)
    _d2e_denorm_low                          0x08000cdd   Thumb Code    70  btod.o(CL$$btod_d2e_denorm_low)
    _d2e_norm_op1                            0x08000d23   Thumb Code    96  btod.o(CL$$btod_d2e_norm_op1)
    __btod_div_common                        0x08000d83   Thumb Code   696  btod.o(CL$$btod_div_common)
    _e2e                                     0x080010bb   Thumb Code   220  btod.o(CL$$btod_e2e)
    _btod_ediv                               0x08001197   Thumb Code    42  btod.o(CL$$btod_ediv)
    _btod_emul                               0x080011c1   Thumb Code    42  btod.o(CL$$btod_emul)
    __btod_mult_common                       0x080011eb   Thumb Code   580  btod.o(CL$$btod_mult_common)
    ADC_ConversionStop_Disable               0x0800142f   Thumb Code    92  stm32f1xx_hal_adc.o(i.ADC_ConversionStop_Disable)
    ADC_DMAConvCplt                          0x0800148b   Thumb Code    82  stm32f1xx_hal_adc.o(i.ADC_DMAConvCplt)
    ADC_DMAError                             0x080014dd   Thumb Code    30  stm32f1xx_hal_adc.o(i.ADC_DMAError)
    ADC_DMAHalfConvCplt                      0x080014fb   Thumb Code    14  stm32f1xx_hal_adc.o(i.ADC_DMAHalfConvCplt)
    ADC_Enable                               0x08001509   Thumb Code   134  stm32f1xx_hal_adc.o(i.ADC_Enable)
    BusFault_Handler                         0x08001599   Thumb Code     4  stm32f1xx_it.o(i.BusFault_Handler)
    DMA1_Channel1_IRQHandler                 0x0800159d   Thumb Code    10  stm32f1xx_it.o(i.DMA1_Channel1_IRQHandler)
    DebugMon_Handler                         0x080015d9   Thumb Code     2  stm32f1xx_it.o(i.DebugMon_Handler)
    Error_Handler                            0x080015db   Thumb Code     6  main.o(i.Error_Handler)
    Get_Adc_Val                              0x080015e1   Thumb Code    32  main.o(i.Get_Adc_Val)
    Gui_DrawFont_GBK16                       0x08001601   Thumb Code   394  gui.o(i.Gui_DrawFont_GBK16)
    Gui_DrawPoint                            0x08001795   Thumb Code    32  lcd_driver.o(i.Gui_DrawPoint)
    HAL_ADCEx_Calibration_Start              0x080017b5   Thumb Code   276  stm32f1xx_hal_adc_ex.o(i.HAL_ADCEx_Calibration_Start)
    HAL_ADC_ConfigChannel                    0x080018cd   Thumb Code   338  stm32f1xx_hal_adc.o(i.HAL_ADC_ConfigChannel)
    HAL_ADC_ConvCpltCallback                 0x08001a2d   Thumb Code     2  stm32f1xx_hal_adc.o(i.HAL_ADC_ConvCpltCallback)
    HAL_ADC_ConvHalfCpltCallback             0x08001a2f   Thumb Code     2  stm32f1xx_hal_adc.o(i.HAL_ADC_ConvHalfCpltCallback)
    HAL_ADC_ErrorCallback                    0x08001a31   Thumb Code     2  stm32f1xx_hal_adc.o(i.HAL_ADC_ErrorCallback)
    HAL_ADC_Init                             0x08001a35   Thumb Code   340  stm32f1xx_hal_adc.o(i.HAL_ADC_Init)
    HAL_ADC_MspInit                          0x08001b95   Thumb Code   154  adc.o(i.HAL_ADC_MspInit)
    HAL_ADC_Start_DMA                        0x08001c45   Thumb Code   362  stm32f1xx_hal_adc.o(i.HAL_ADC_Start_DMA)
    HAL_DAC_ConfigChannel                    0x08001dc5   Thumb Code    98  stm32f1xx_hal_dac.o(i.HAL_DAC_ConfigChannel)
    HAL_DAC_GetValue                         0x08001e27   Thumb Code    16  stm32f1xx_hal_dac.o(i.HAL_DAC_GetValue)
    HAL_DAC_Init                             0x08001e37   Thumb Code    40  stm32f1xx_hal_dac.o(i.HAL_DAC_Init)
    HAL_DAC_MspInit                          0x08001e61   Thumb Code    98  dac.o(i.HAL_DAC_MspInit)
    HAL_DAC_SetValue                         0x08001ed1   Thumb Code    44  stm32f1xx_hal_dac.o(i.HAL_DAC_SetValue)
    HAL_DAC_Start                            0x08001efd   Thumb Code   120  stm32f1xx_hal_dac.o(i.HAL_DAC_Start)
    HAL_DMA_IRQHandler                       0x08001f75   Thumb Code   910  stm32f1xx_hal_dma.o(i.HAL_DMA_IRQHandler)
    HAL_DMA_Init                             0x0800230d   Thumb Code   132  stm32f1xx_hal_dma.o(i.HAL_DMA_Init)
    HAL_DMA_Start_IT                         0x08002399   Thumb Code   156  stm32f1xx_hal_dma.o(i.HAL_DMA_Start_IT)
    HAL_GPIO_Init                            0x08002435   Thumb Code   792  stm32f1xx_hal_gpio.o(i.HAL_GPIO_Init)
    HAL_GPIO_ReadPin                         0x08002775   Thumb Code    16  stm32f1xx_hal_gpio.o(i.HAL_GPIO_ReadPin)
    HAL_GPIO_WritePin                        0x08002785   Thumb Code    12  stm32f1xx_hal_gpio.o(i.HAL_GPIO_WritePin)
    HAL_GetTick                              0x08002791   Thumb Code     6  stm32f1xx_hal.o(i.HAL_GetTick)
    HAL_IncTick                              0x0800279d   Thumb Code    16  stm32f1xx_hal.o(i.HAL_IncTick)
    HAL_Init                                 0x080027b5   Thumb Code    34  stm32f1xx_hal.o(i.HAL_Init)
    HAL_InitTick                             0x080027dd   Thumb Code    64  stm32f1xx_hal.o(i.HAL_InitTick)
    HAL_MspInit                              0x08002829   Thumb Code    76  stm32f1xx_hal_msp.o(i.HAL_MspInit)
    HAL_NVIC_EnableIRQ                       0x0800287d   Thumb Code    32  stm32f1xx_hal_cortex.o(i.HAL_NVIC_EnableIRQ)
    HAL_NVIC_SetPriority                     0x0800289d   Thumb Code   124  stm32f1xx_hal_cortex.o(i.HAL_NVIC_SetPriority)
    HAL_NVIC_SetPriorityGrouping             0x08002919   Thumb Code    32  stm32f1xx_hal_cortex.o(i.HAL_NVIC_SetPriorityGrouping)
    HAL_RCCEx_GetPeriphCLKFreq               0x08002941   Thumb Code   276  stm32f1xx_hal_rcc_ex.o(i.HAL_RCCEx_GetPeriphCLKFreq)
    HAL_RCCEx_PeriphCLKConfig                0x08002a75   Thumb Code   290  stm32f1xx_hal_rcc_ex.o(i.HAL_RCCEx_PeriphCLKConfig)
    HAL_RCC_ClockConfig                      0x08002ba5   Thumb Code   376  stm32f1xx_hal_rcc.o(i.HAL_RCC_ClockConfig)
    HAL_RCC_GetHCLKFreq                      0x08002d31   Thumb Code     6  stm32f1xx_hal_rcc.o(i.HAL_RCC_GetHCLKFreq)
    HAL_RCC_GetPCLK2Freq                     0x08002d3d   Thumb Code    22  stm32f1xx_hal_rcc.o(i.HAL_RCC_GetPCLK2Freq)
    HAL_RCC_GetSysClockFreq                  0x08002d5d   Thumb Code   116  stm32f1xx_hal_rcc.o(i.HAL_RCC_GetSysClockFreq)
    HAL_RCC_OscConfig                        0x08002df1   Thumb Code  1114  stm32f1xx_hal_rcc.o(i.HAL_RCC_OscConfig)
    HAL_SYSTICK_CLKSourceConfig              0x08003255   Thumb Code    40  stm32f1xx_hal_cortex.o(i.HAL_SYSTICK_CLKSourceConfig)
    HAL_SYSTICK_Config                       0x0800327d   Thumb Code    52  stm32f1xx_hal_cortex.o(i.HAL_SYSTICK_Config)
    HAL_TIMEx_BreakCallback                  0x080032b1   Thumb Code     2  stm32f1xx_hal_tim_ex.o(i.HAL_TIMEx_BreakCallback)
    HAL_TIMEx_CommutCallback                 0x080032b3   Thumb Code     2  stm32f1xx_hal_tim_ex.o(i.HAL_TIMEx_CommutCallback)
    HAL_TIMEx_MasterConfigSynchronization    0x080032b5   Thumb Code   134  stm32f1xx_hal_tim_ex.o(i.HAL_TIMEx_MasterConfigSynchronization)
    HAL_TIM_Base_Init                        0x08003351   Thumb Code   102  stm32f1xx_hal_tim.o(i.HAL_TIM_Base_Init)
    HAL_TIM_Base_MspInit                     0x080033b9   Thumb Code    58  tim.o(i.HAL_TIM_Base_MspInit)
    HAL_TIM_Base_Start_IT                    0x080033fd   Thumb Code   122  stm32f1xx_hal_tim.o(i.HAL_TIM_Base_Start_IT)
    HAL_TIM_ConfigClockSource                0x0800348d   Thumb Code   264  stm32f1xx_hal_tim.o(i.HAL_TIM_ConfigClockSource)
    HAL_TIM_IC_CaptureCallback               0x08003595   Thumb Code     2  stm32f1xx_hal_tim.o(i.HAL_TIM_IC_CaptureCallback)
    HAL_TIM_IRQHandler                       0x08003597   Thumb Code   406  stm32f1xx_hal_tim.o(i.HAL_TIM_IRQHandler)
    HAL_TIM_MspPostInit                      0x0800372d   Thumb Code    74  tim.o(i.HAL_TIM_MspPostInit)
    HAL_TIM_OC_DelayElapsedCallback          0x08003785   Thumb Code     2  stm32f1xx_hal_tim.o(i.HAL_TIM_OC_DelayElapsedCallback)
    HAL_TIM_PWM_ConfigChannel                0x08003787   Thumb Code   252  stm32f1xx_hal_tim.o(i.HAL_TIM_PWM_ConfigChannel)
    HAL_TIM_PWM_Init                         0x08003883   Thumb Code   102  stm32f1xx_hal_tim.o(i.HAL_TIM_PWM_Init)
    HAL_TIM_PWM_MspInit                      0x080038e9   Thumb Code     2  stm32f1xx_hal_tim.o(i.HAL_TIM_PWM_MspInit)
    HAL_TIM_PWM_PulseFinishedCallback        0x080038eb   Thumb Code     2  stm32f1xx_hal_tim.o(i.HAL_TIM_PWM_PulseFinishedCallback)
    HAL_TIM_PeriodElapsedCallback            0x080038ed   Thumb Code    24  tim.o(i.HAL_TIM_PeriodElapsedCallback)
    HAL_TIM_TriggerCallback                  0x08003909   Thumb Code     2  stm32f1xx_hal_tim.o(i.HAL_TIM_TriggerCallback)
    HardFault_Handler                        0x0800390b   Thumb Code     4  stm32f1xx_it.o(i.HardFault_Handler)
    KEY_Init                                 0x08003911   Thumb Code   146  key.o(i.KEY_Init)
    KEY_Scan                                 0x080039ad   Thumb Code   192  key.o(i.KEY_Scan)
    LCD_GPIO_Init                            0x08003a75   Thumb Code   216  lcd_driver.o(i.LCD_GPIO_Init)
    LCD_WriteData_16Bit                      0x08003b59   Thumb Code    42  lcd_driver.o(i.LCD_WriteData_16Bit)
    Lcd_Clear                                0x08003b8d   Thumb Code    50  lcd_driver.o(i.Lcd_Clear)
    Lcd_Init                                 0x08003bbf   Thumb Code   546  lcd_driver.o(i.Lcd_Init)
    Lcd_Reset                                0x08003de1   Thumb Code    16  lcd_driver.o(i.Lcd_Reset)
    Lcd_SetRegion                            0x08003df1   Thumb Code    86  lcd_driver.o(i.Lcd_SetRegion)
    Lcd_WriteData                            0x08003e49   Thumb Code    36  lcd_driver.o(i.Lcd_WriteData)
    Lcd_WriteIndex                           0x08003e75   Thumb Code    36  lcd_driver.o(i.Lcd_WriteIndex)
    MX_ADC1_Init                             0x08003ea1   Thumb Code   150  adc.o(i.MX_ADC1_Init)
    MX_DAC_Init                              0x08003f41   Thumb Code    58  dac.o(i.MX_DAC_Init)
    MX_DMA_Init                              0x08003f85   Thumb Code    32  dma.o(i.MX_DMA_Init)
    MX_GPIO_Init                             0x08003fa9   Thumb Code    14  gpio.o(i.MX_GPIO_Init)
    MX_TIM3_Init                             0x08003fb9   Thumb Code   162  tim.o(i.MX_TIM3_Init)
    MemManage_Handler                        0x08004065   Thumb Code     4  stm32f1xx_it.o(i.MemManage_Handler)
    Mode1                                    0x08004069   Thumb Code   236  main.o(i.Mode1)
    Mode2                                    0x080041c1   Thumb Code   274  main.o(i.Mode2)
    Mode3                                    0x08004345   Thumb Code   310  main.o(i.Mode3)
    NMI_Handler                              0x08004501   Thumb Code     4  stm32f1xx_it.o(i.NMI_Handler)
    PendSV_Handler                           0x08004505   Thumb Code     2  stm32f1xx_it.o(i.PendSV_Handler)
    SPI_WriteData                            0x08004531   Thumb Code    60  lcd_driver.o(i.SPI_WriteData)
    SVC_Handler                              0x08004571   Thumb Code     2  stm32f1xx_it.o(i.SVC_Handler)
    SysTick_Handler                          0x08004573   Thumb Code     8  stm32f1xx_it.o(i.SysTick_Handler)
    SystemClock_Config                       0x0800457b   Thumb Code   130  main.o(i.SystemClock_Config)
    SystemInit                               0x080045fd   Thumb Code     2  system_stm32f1xx.o(i.SystemInit)
    TIM3_IRQHandler                          0x08004601   Thumb Code    10  stm32f1xx_it.o(i.TIM3_IRQHandler)
    TIM_Base_SetConfig                       0x08004611   Thumb Code   134  stm32f1xx_hal_tim.o(i.TIM_Base_SetConfig)
    TIM_ETR_SetConfig                        0x080046ad   Thumb Code    22  stm32f1xx_hal_tim.o(i.TIM_ETR_SetConfig)
    TIM_OC2_SetConfig                        0x08004745   Thumb Code   114  stm32f1xx_hal_tim.o(i.TIM_OC2_SetConfig)
    Tim3_Deal                                0x080048dd   Thumb Code   476  main.o(i.Tim3_Deal)
    UsageFault_Handler                       0x08004b25   Thumb Code     4  stm32f1xx_it.o(i.UsageFault_Handler)
    __ARM_fpclassify                         0x08004b29   Thumb Code    40  fpclassify.o(i.__ARM_fpclassify)
    _is_digit                                0x08004b89   Thumb Code    14  __printf_wp.o(i._is_digit)
    delay_init                               0x08004b99   Thumb Code    16  delay.o(i.delay_init)
    delay_ms                                 0x08004bad   Thumb Code    24  delay.o(i.delay_ms)
    delay_us                                 0x08004bc5   Thumb Code    68  delay.o(i.delay_us)
    main                                     0x08004c0d   Thumb Code   288  main.o(i.main)
    _get_lc_numeric                          0x08004d71   Thumb Code    44  lc_numeric_c.o(locale$$code)
    __aeabi_d2f                              0x08004d9d   Thumb Code     0  d2f.o(x$fpl$d2f)
    _d2f                                     0x08004d9d   Thumb Code    98  d2f.o(x$fpl$d2f)
    __aeabi_dadd                             0x08004e01   Thumb Code     0  daddsub_clz.o(x$fpl$dadd)
    _dadd                                    0x08004e01   Thumb Code   332  daddsub_clz.o(x$fpl$dadd)
    __fpl_dcmp_Inf                           0x08004f51   Thumb Code    24  dcmpi.o(x$fpl$dcmpinf)
    __aeabi_ddiv                             0x08004f69   Thumb Code     0  ddiv.o(x$fpl$ddiv)
    _ddiv                                    0x08004f69   Thumb Code   552  ddiv.o(x$fpl$ddiv)
    __aeabi_d2uiz                            0x08005219   Thumb Code     0  dfixu.o(x$fpl$dfixu)
    _dfixu                                   0x08005219   Thumb Code    90  dfixu.o(x$fpl$dfixu)
    __aeabi_ui2d                             0x08005273   Thumb Code     0  dflt_clz.o(x$fpl$dfltu)
    _dfltu                                   0x08005273   Thumb Code    38  dflt_clz.o(x$fpl$dfltu)
    __aeabi_cdcmple                          0x08005299   Thumb Code     0  dleqf.o(x$fpl$dleqf)
    _dcmple                                  0x08005299   Thumb Code   120  dleqf.o(x$fpl$dleqf)
    __fpl_dcmple_InfNaN                      0x080052fb   Thumb Code     0  dleqf.o(x$fpl$dleqf)
    __aeabi_dmul                             0x08005311   Thumb Code     0  dmul.o(x$fpl$dmul)
    _dmul                                    0x08005311   Thumb Code   332  dmul.o(x$fpl$dmul)
    __fpl_dnaninf                            0x08005465   Thumb Code   156  dnaninf.o(x$fpl$dnaninf)
    __fpl_dretinf                            0x08005501   Thumb Code    12  dretinf.o(x$fpl$dretinf)
    __aeabi_cdrcmple                         0x0800550d   Thumb Code     0  drleqf.o(x$fpl$drleqf)
    _drcmple                                 0x0800550d   Thumb Code   108  drleqf.o(x$fpl$drleqf)
    __aeabi_dsub                             0x08005579   Thumb Code     0  daddsub_clz.o(x$fpl$dsub)
    _dsub                                    0x08005579   Thumb Code   464  daddsub_clz.o(x$fpl$dsub)
    __aeabi_f2d                              0x0800574d   Thumb Code     0  f2d.o(x$fpl$f2d)
    _f2d                                     0x0800574d   Thumb Code    86  f2d.o(x$fpl$f2d)
    __aeabi_fdiv                             0x080057a5   Thumb Code     0  fdiv.o(x$fpl$fdiv)
    _fdiv                                    0x080057a5   Thumb Code   384  fdiv.o(x$fpl$fdiv)
    __aeabi_ui2f                             0x08005929   Thumb Code     0  fflt_clz.o(x$fpl$ffltu)
    _ffltu                                   0x08005929   Thumb Code    38  fflt_clz.o(x$fpl$ffltu)
    __fpl_fnaninf                            0x0800594f   Thumb Code   140  fnaninf.o(x$fpl$fnaninf)
    __fpl_fretinf                            0x080059db   Thumb Code    10  fretinf.o(x$fpl$fretinf)
    _printf_fp_dec                           0x080059e5   Thumb Code     4  printf1.o(x$fpl$printf1)
    __I$use$fp                               0x080059e8   Number         0  usenofp.o(x$fpl$usenofp)
    asc2_1206                                0x080059e8   Data        1140  gui.o(.constdata)
    asc2_1608                                0x08005e5c   Data        1520  gui.o(.constdata)
    asc16                                    0x0800644c   Data        1521  gui.o(.constdata)
    sz32                                     0x08006a3d   Data        1921  gui.o(.constdata)
    hz16                                     0x080071be   Data         102  gui.o(.constdata)
    hz24                                     0x08007224   Data         148  gui.o(.constdata)
    AHBPrescTable                            0x080072b8   Data          16  system_stm32f1xx.o(.constdata)
    APBPrescTable                            0x080072c8   Data           8  system_stm32f1xx.o(.constdata)
    Region$$Table$$Base                      0x08007378   Number         0  anon$$obj.o(Region$$Table)
    Region$$Table$$Limit                     0x08007398   Number         0  anon$$obj.o(Region$$Table)
    Get_temp_f                               0x20000008   Data           4  main.o(.data)
    Get_temp_u16                             0x2000000c   Data           2  main.o(.data)
    temp                                     0x20000010   Data           8  main.o(.data)
    CC_Value                                 0x20000018   Data           8  main.o(.data)
    CR_Vol                                   0x20000020   Data           8  main.o(.data)
    CR_Value                                 0x20000028   Data           8  main.o(.data)
    temp2                                    0x20000030   Data           8  main.o(.data)
    CW_Vol                                   0x20000038   Data           8  main.o(.data)
    CW_Value                                 0x20000040   Data           8  main.o(.data)
    CW_P                                     0x20000048   Data           8  main.o(.data)
    CW_I                                     0x20000050   Data           8  main.o(.data)
    tempI                                    0x20000058   Data           8  main.o(.data)
    Value_Voltage                            0x20000060   Data           2  main.o(.data)
    Voltage                                  0x20000068   Data           8  main.o(.data)
    dac_value1                               0x20000070   Data           2  main.o(.data)
    dac_value2                               0x20000072   Data           2  main.o(.data)
    dac_value3                               0x20000074   Data           2  main.o(.data)
    Converted_current                        0x20000078   Data           8  main.o(.data)
    Converted_current_Value                  0x20000080   Data           8  main.o(.data)
    Value_current                            0x20000088   Data           8  main.o(.data)
    CR_I                                     0x20000090   Data           8  main.o(.data)
    key                                      0x20000098   Data           1  main.o(.data)
    Mode                                     0x20000099   Data           1  main.o(.data)
    Value_Res                                0x2000009c   Data           4  main.o(.data)
    inc                                      0x200000a0   Data           2  main.o(.data)
    Count                                    0x200000a2   Data           2  tim.o(.data)
    uwTick                                   0x200000a4   Data           4  stm32f1xx_hal.o(.data)
    uwTickPrio                               0x200000a8   Data           4  stm32f1xx_hal.o(.data)
    uwTickFreq                               0x200000ac   Data           1  stm32f1xx_hal.o(.data)
    SystemCoreClock                          0x200000b0   Data           4  system_stm32f1xx.o(.data)
    adcxbuf                                  0x200000b4   Data          10  main.o(.bss)
    Buffer                                   0x200000be   Data          64  main.o(.bss)
    hadc1                                    0x20000100   Data          48  adc.o(.bss)
    hdma_adc1                                0x20000130   Data          68  adc.o(.bss)
    hdac                                     0x20000174   Data          20  dac.o(.bss)
    htim3                                    0x20000188   Data          72  tim.o(.bss)
    __libspace_start                         0x200001d0   Data          96  libspace.o(.bss)
    __temporary_stack_top$libspace           0x20000230   Data           0  libspace.o(.bss)



==============================================================================

Memory Map of the image

  Image Entry point : 0x08000131

  Load Region LR_IROM1 (Base: 0x08000000, Size: 0x00007468, Max: 0x00040000, ABSOLUTE)

    Execution Region ER_IROM1 (Exec base: 0x08000000, Load base: 0x08000000, Size: 0x000073b4, Max: 0x00040000, ABSOLUTE)

    Exec Addr    Load Addr    Size         Type   Attr      Idx    E Section Name        Object

    0x08000000   0x08000000   0x00000130   Data   RO            3    RESET               startup_stm32f103xe.o
    0x08000130   0x08000130   0x00000008   Code   RO         3497  * !!!main             c_w.l(__main.o)
    0x08000138   0x08000138   0x00000034   Code   RO         3771    !!!scatter          c_w.l(__scatter.o)
    0x0800016c   0x0800016c   0x0000001a   Code   RO         3773    !!handler_copy      c_w.l(__scatter_copy.o)
    0x08000186   0x08000186   0x00000002   PAD
    0x08000188   0x08000188   0x0000001c   Code   RO         3775    !!handler_zi        c_w.l(__scatter_zi.o)
    0x080001a4   0x080001a4   0x00000000   Code   RO         3492    .ARM.Collect$$_printf_percent$$00000000  c_w.l(_printf_percent.o)
    0x080001a4   0x080001a4   0x00000006   Code   RO         3491    .ARM.Collect$$_printf_percent$$00000003  c_w.l(_printf_f.o)
    0x080001aa   0x080001aa   0x00000006   Code   RO         3490    .ARM.Collect$$_printf_percent$$00000009  c_w.l(_printf_d.o)
    0x080001b0   0x080001b0   0x00000004   Code   RO         3558    .ARM.Collect$$_printf_percent$$00000017  c_w.l(_printf_percent_end.o)
    0x080001b4   0x080001b4   0x00000002   Code   RO         3642    .ARM.Collect$$libinit$$00000000  c_w.l(libinit.o)
    0x080001b6   0x080001b6   0x00000000   Code   RO         3644    .ARM.Collect$$libinit$$00000002  c_w.l(libinit2.o)
    0x080001b6   0x080001b6   0x00000000   Code   RO         3646    .ARM.Collect$$libinit$$00000004  c_w.l(libinit2.o)
    0x080001b6   0x080001b6   0x00000000   Code   RO         3649    .ARM.Collect$$libinit$$0000000A  c_w.l(libinit2.o)
    0x080001b6   0x080001b6   0x00000000   Code   RO         3651    .ARM.Collect$$libinit$$0000000C  c_w.l(libinit2.o)
    0x080001b6   0x080001b6   0x00000000   Code   RO         3653    .ARM.Collect$$libinit$$0000000E  c_w.l(libinit2.o)
    0x080001b6   0x080001b6   0x00000006   Code   RO         3654    .ARM.Collect$$libinit$$0000000F  c_w.l(libinit2.o)
    0x080001bc   0x080001bc   0x00000000   Code   RO         3656    .ARM.Collect$$libinit$$00000011  c_w.l(libinit2.o)
    0x080001bc   0x080001bc   0x00000000   Code   RO         3658    .ARM.Collect$$libinit$$00000013  c_w.l(libinit2.o)
    0x080001bc   0x080001bc   0x00000000   Code   RO         3660    .ARM.Collect$$libinit$$00000015  c_w.l(libinit2.o)
    0x080001bc   0x080001bc   0x0000000a   Code   RO         3661    .ARM.Collect$$libinit$$00000016  c_w.l(libinit2.o)
    0x080001c6   0x080001c6   0x00000000   Code   RO         3662    .ARM.Collect$$libinit$$00000017  c_w.l(libinit2.o)
    0x080001c6   0x080001c6   0x00000000   Code   RO         3664    .ARM.Collect$$libinit$$00000019  c_w.l(libinit2.o)
    0x080001c6   0x080001c6   0x00000000   Code   RO         3666    .ARM.Collect$$libinit$$0000001B  c_w.l(libinit2.o)
    0x080001c6   0x080001c6   0x00000000   Code   RO         3668    .ARM.Collect$$libinit$$0000001D  c_w.l(libinit2.o)
    0x080001c6   0x080001c6   0x00000000   Code   RO         3670    .ARM.Collect$$libinit$$0000001F  c_w.l(libinit2.o)
    0x080001c6   0x080001c6   0x00000000   Code   RO         3672    .ARM.Collect$$libinit$$00000021  c_w.l(libinit2.o)
    0x080001c6   0x080001c6   0x00000000   Code   RO         3674    .ARM.Collect$$libinit$$00000023  c_w.l(libinit2.o)
    0x080001c6   0x080001c6   0x00000000   Code   RO         3676    .ARM.Collect$$libinit$$00000025  c_w.l(libinit2.o)
    0x080001c6   0x080001c6   0x00000000   Code   RO         3680    .ARM.Collect$$libinit$$0000002C  c_w.l(libinit2.o)
    0x080001c6   0x080001c6   0x00000000   Code   RO         3682    .ARM.Collect$$libinit$$0000002E  c_w.l(libinit2.o)
    0x080001c6   0x080001c6   0x00000000   Code   RO         3684    .ARM.Collect$$libinit$$00000030  c_w.l(libinit2.o)
    0x080001c6   0x080001c6   0x00000000   Code   RO         3686    .ARM.Collect$$libinit$$00000032  c_w.l(libinit2.o)
    0x080001c6   0x080001c6   0x00000002   Code   RO         3687    .ARM.Collect$$libinit$$00000033  c_w.l(libinit2.o)
    0x080001c8   0x080001c8   0x00000002   Code   RO         3717    .ARM.Collect$$libshutdown$$00000000  c_w.l(libshutdown.o)
    0x080001ca   0x080001ca   0x00000000   Code   RO         3728    .ARM.Collect$$libshutdown$$00000002  c_w.l(libshutdown2.o)
    0x080001ca   0x080001ca   0x00000000   Code   RO         3730    .ARM.Collect$$libshutdown$$00000004  c_w.l(libshutdown2.o)
    0x080001ca   0x080001ca   0x00000000   Code   RO         3732    .ARM.Collect$$libshutdown$$00000006  c_w.l(libshutdown2.o)
    0x080001ca   0x080001ca   0x00000000   Code   RO         3735    .ARM.Collect$$libshutdown$$00000009  c_w.l(libshutdown2.o)
    0x080001ca   0x080001ca   0x00000000   Code   RO         3738    .ARM.Collect$$libshutdown$$0000000C  c_w.l(libshutdown2.o)
    0x080001ca   0x080001ca   0x00000000   Code   RO         3740    .ARM.Collect$$libshutdown$$0000000E  c_w.l(libshutdown2.o)
    0x080001ca   0x080001ca   0x00000000   Code   RO         3743    .ARM.Collect$$libshutdown$$00000011  c_w.l(libshutdown2.o)
    0x080001ca   0x080001ca   0x00000002   Code   RO         3744    .ARM.Collect$$libshutdown$$00000012  c_w.l(libshutdown2.o)
    0x080001cc   0x080001cc   0x00000000   Code   RO         3549    .ARM.Collect$$rtentry$$00000000  c_w.l(__rtentry.o)
    0x080001cc   0x080001cc   0x00000000   Code   RO         3571    .ARM.Collect$$rtentry$$00000002  c_w.l(__rtentry2.o)
    0x080001cc   0x080001cc   0x00000006   Code   RO         3583    .ARM.Collect$$rtentry$$00000004  c_w.l(__rtentry4.o)
    0x080001d2   0x080001d2   0x00000000   Code   RO         3573    .ARM.Collect$$rtentry$$00000009  c_w.l(__rtentry2.o)
    0x080001d2   0x080001d2   0x00000004   Code   RO         3574    .ARM.Collect$$rtentry$$0000000A  c_w.l(__rtentry2.o)
    0x080001d6   0x080001d6   0x00000000   Code   RO         3576    .ARM.Collect$$rtentry$$0000000C  c_w.l(__rtentry2.o)
    0x080001d6   0x080001d6   0x00000008   Code   RO         3577    .ARM.Collect$$rtentry$$0000000D  c_w.l(__rtentry2.o)
    0x080001de   0x080001de   0x00000002   Code   RO         3688    .ARM.Collect$$rtexit$$00000000  c_w.l(rtexit.o)
    0x080001e0   0x080001e0   0x00000000   Code   RO         3695    .ARM.Collect$$rtexit$$00000002  c_w.l(rtexit2.o)
    0x080001e0   0x080001e0   0x00000004   Code   RO         3696    .ARM.Collect$$rtexit$$00000003  c_w.l(rtexit2.o)
    0x080001e4   0x080001e4   0x00000006   Code   RO         3697    .ARM.Collect$$rtexit$$00000004  c_w.l(rtexit2.o)
    0x080001ea   0x080001ea   0x00000002   PAD
    0x080001ec   0x080001ec   0x00000040   Code   RO            4    .text               startup_stm32f103xe.o
    0x0800022c   0x0800022c   0x00000028   Code   RO         3462    .text               c_w.l(noretval__2sprintf.o)
    0x08000254   0x08000254   0x0000004e   Code   RO         3466    .text               c_w.l(_printf_pad.o)
    0x080002a2   0x080002a2   0x00000002   PAD
    0x080002a4   0x080002a4   0x00000078   Code   RO         3468    .text               c_w.l(_printf_dec.o)
    0x0800031c   0x0800031c   0x00000138   Code   RO         3482    .text               c_w.l(__printf_flags_wp.o)
    0x08000454   0x08000454   0x0000004e   Code   RO         3493    .text               c_w.l(rt_memclr_w.o)
    0x080004a2   0x080004a2   0x00000006   Code   RO         3495    .text               c_w.l(heapauxi.o)
    0x080004a8   0x080004a8   0x000000b2   Code   RO         3550    .text               c_w.l(_printf_intcommon.o)
    0x0800055a   0x0800055a   0x0000041e   Code   RO         3552    .text               c_w.l(_printf_fp_dec.o)
    0x08000978   0x08000978   0x00000030   Code   RO         3554    .text               c_w.l(_printf_char_common.o)
    0x080009a8   0x080009a8   0x0000000a   Code   RO         3556    .text               c_w.l(_sputc.o)
    0x080009b2   0x080009b2   0x00000002   PAD
    0x080009b4   0x080009b4   0x00000008   Code   RO         3588    .text               c_w.l(rt_locale_intlibspace.o)
    0x080009bc   0x080009bc   0x0000008a   Code   RO         3590    .text               c_w.l(lludiv10.o)
    0x08000a46   0x08000a46   0x00000002   PAD
    0x08000a48   0x08000a48   0x00000080   Code   RO         3592    .text               c_w.l(_printf_fp_infnan.o)
    0x08000ac8   0x08000ac8   0x000000e4   Code   RO         3596    .text               c_w.l(bigflt0.o)
    0x08000bac   0x08000bac   0x00000008   Code   RO         3628    .text               c_w.l(libspace.o)
    0x08000bb4   0x08000bb4   0x0000004a   Code   RO         3631    .text               c_w.l(sys_stackheap_outer.o)
    0x08000bfe   0x08000bfe   0x00000012   Code   RO         3633    .text               c_w.l(exit.o)
    0x08000c10   0x08000c10   0x00000080   Code   RO         3635    .text               c_w.l(strcmpv7m.o)
    0x08000c90   0x08000c90   0x0000000c   Code   RO         3707    .text               c_w.l(sys_exit.o)
    0x08000c9c   0x08000c9c   0x00000002   Code   RO         3718    .text               c_w.l(use_no_semi.o)
    0x08000c9e   0x08000c9e   0x00000000   Code   RO         3720    .text               c_w.l(indicate_semi.o)
    0x08000c9e   0x08000c9e   0x0000003e   Code   RO         3599    CL$$btod_d2e        c_w.l(btod.o)
    0x08000cdc   0x08000cdc   0x00000046   Code   RO         3601    CL$$btod_d2e_denorm_low  c_w.l(btod.o)
    0x08000d22   0x08000d22   0x00000060   Code   RO         3600    CL$$btod_d2e_norm_op1  c_w.l(btod.o)
    0x08000d82   0x08000d82   0x00000338   Code   RO         3609    CL$$btod_div_common  c_w.l(btod.o)
    0x080010ba   0x080010ba   0x000000dc   Code   RO         3606    CL$$btod_e2e        c_w.l(btod.o)
    0x08001196   0x08001196   0x0000002a   Code   RO         3603    CL$$btod_ediv       c_w.l(btod.o)
    0x080011c0   0x080011c0   0x0000002a   Code   RO         3602    CL$$btod_emul       c_w.l(btod.o)
    0x080011ea   0x080011ea   0x00000244   Code   RO         3608    CL$$btod_mult_common  c_w.l(btod.o)
    0x0800142e   0x0800142e   0x0000005c   Code   RO          916    i.ADC_ConversionStop_Disable  stm32f1xx_hal_adc.o
    0x0800148a   0x0800148a   0x00000052   Code   RO          917    i.ADC_DMAConvCplt   stm32f1xx_hal_adc.o
    0x080014dc   0x080014dc   0x0000001e   Code   RO          918    i.ADC_DMAError      stm32f1xx_hal_adc.o
    0x080014fa   0x080014fa   0x0000000e   Code   RO          919    i.ADC_DMAHalfConvCplt  stm32f1xx_hal_adc.o
    0x08001508   0x08001508   0x00000090   Code   RO          920    i.ADC_Enable        stm32f1xx_hal_adc.o
    0x08001598   0x08001598   0x00000004   Code   RO          702    i.BusFault_Handler  stm32f1xx_it.o
    0x0800159c   0x0800159c   0x00000010   Code   RO          703    i.DMA1_Channel1_IRQHandler  stm32f1xx_it.o
    0x080015ac   0x080015ac   0x0000002c   Code   RO         1575    i.DMA_SetConfig     stm32f1xx_hal_dma.o
    0x080015d8   0x080015d8   0x00000002   Code   RO          704    i.DebugMon_Handler  stm32f1xx_it.o
    0x080015da   0x080015da   0x00000006   Code   RO          423    i.Error_Handler     main.o
    0x080015e0   0x080015e0   0x00000020   Code   RO          424    i.Get_Adc_Val       main.o
    0x08001600   0x08001600   0x00000194   Code   RO          228    i.Gui_DrawFont_GBK16  gui.o
    0x08001794   0x08001794   0x00000020   Code   RO           13    i.Gui_DrawPoint     lcd_driver.o
    0x080017b4   0x080017b4   0x00000118   Code   RO         1096    i.HAL_ADCEx_Calibration_Start  stm32f1xx_hal_adc_ex.o
    0x080018cc   0x080018cc   0x00000160   Code   RO          922    i.HAL_ADC_ConfigChannel  stm32f1xx_hal_adc.o
    0x08001a2c   0x08001a2c   0x00000002   Code   RO          923    i.HAL_ADC_ConvCpltCallback  stm32f1xx_hal_adc.o
    0x08001a2e   0x08001a2e   0x00000002   Code   RO          924    i.HAL_ADC_ConvHalfCpltCallback  stm32f1xx_hal_adc.o
    0x08001a30   0x08001a30   0x00000002   Code   RO          926    i.HAL_ADC_ErrorCallback  stm32f1xx_hal_adc.o
    0x08001a32   0x08001a32   0x00000002   PAD
    0x08001a34   0x08001a34   0x00000160   Code   RO          931    i.HAL_ADC_Init      stm32f1xx_hal_adc.o
    0x08001b94   0x08001b94   0x000000b0   Code   RO          534    i.HAL_ADC_MspInit   adc.o
    0x08001c44   0x08001c44   0x00000180   Code   RO          938    i.HAL_ADC_Start_DMA  stm32f1xx_hal_adc.o
    0x08001dc4   0x08001dc4   0x00000062   Code   RO         2201    i.HAL_DAC_ConfigChannel  stm32f1xx_hal_dac.o
    0x08001e26   0x08001e26   0x00000010   Code   RO         2209    i.HAL_DAC_GetValue  stm32f1xx_hal_dac.o
    0x08001e36   0x08001e36   0x00000028   Code   RO         2211    i.HAL_DAC_Init      stm32f1xx_hal_dac.o
    0x08001e5e   0x08001e5e   0x00000002   PAD
    0x08001e60   0x08001e60   0x00000070   Code   RO          577    i.HAL_DAC_MspInit   dac.o
    0x08001ed0   0x08001ed0   0x0000002c   Code   RO         2214    i.HAL_DAC_SetValue  stm32f1xx_hal_dac.o
    0x08001efc   0x08001efc   0x00000078   Code   RO         2215    i.HAL_DAC_Start     stm32f1xx_hal_dac.o
    0x08001f74   0x08001f74   0x00000398   Code   RO         1581    i.HAL_DMA_IRQHandler  stm32f1xx_hal_dma.o
    0x0800230c   0x0800230c   0x0000008c   Code   RO         1582    i.HAL_DMA_Init      stm32f1xx_hal_dma.o
    0x08002398   0x08002398   0x0000009c   Code   RO         1586    i.HAL_DMA_Start_IT  stm32f1xx_hal_dma.o
    0x08002434   0x08002434   0x00000340   Code   RO         1512    i.HAL_GPIO_Init     stm32f1xx_hal_gpio.o
    0x08002774   0x08002774   0x00000010   Code   RO         1514    i.HAL_GPIO_ReadPin  stm32f1xx_hal_gpio.o
    0x08002784   0x08002784   0x0000000c   Code   RO         1516    i.HAL_GPIO_WritePin  stm32f1xx_hal_gpio.o
    0x08002790   0x08002790   0x0000000c   Code   RO         1203    i.HAL_GetTick       stm32f1xx_hal.o
    0x0800279c   0x0800279c   0x00000018   Code   RO         1209    i.HAL_IncTick       stm32f1xx_hal.o
    0x080027b4   0x080027b4   0x00000028   Code   RO         1210    i.HAL_Init          stm32f1xx_hal.o
    0x080027dc   0x080027dc   0x0000004c   Code   RO         1211    i.HAL_InitTick      stm32f1xx_hal.o
    0x08002828   0x08002828   0x00000054   Code   RO          790    i.HAL_MspInit       stm32f1xx_hal_msp.o
    0x0800287c   0x0800287c   0x00000020   Code   RO         1672    i.HAL_NVIC_EnableIRQ  stm32f1xx_hal_cortex.o
    0x0800289c   0x0800289c   0x0000007c   Code   RO         1678    i.HAL_NVIC_SetPriority  stm32f1xx_hal_cortex.o
    0x08002918   0x08002918   0x00000028   Code   RO         1679    i.HAL_NVIC_SetPriorityGrouping  stm32f1xx_hal_cortex.o
    0x08002940   0x08002940   0x00000134   Code   RO         1474    i.HAL_RCCEx_GetPeriphCLKFreq  stm32f1xx_hal_rcc_ex.o
    0x08002a74   0x08002a74   0x00000130   Code   RO         1475    i.HAL_RCCEx_PeriphCLKConfig  stm32f1xx_hal_rcc_ex.o
    0x08002ba4   0x08002ba4   0x0000018c   Code   RO         1367    i.HAL_RCC_ClockConfig  stm32f1xx_hal_rcc.o
    0x08002d30   0x08002d30   0x0000000c   Code   RO         1372    i.HAL_RCC_GetHCLKFreq  stm32f1xx_hal_rcc.o
    0x08002d3c   0x08002d3c   0x00000020   Code   RO         1375    i.HAL_RCC_GetPCLK2Freq  stm32f1xx_hal_rcc.o
    0x08002d5c   0x08002d5c   0x00000094   Code   RO         1376    i.HAL_RCC_GetSysClockFreq  stm32f1xx_hal_rcc.o
    0x08002df0   0x08002df0   0x00000464   Code   RO         1379    i.HAL_RCC_OscConfig  stm32f1xx_hal_rcc.o
    0x08003254   0x08003254   0x00000028   Code   RO         1681    i.HAL_SYSTICK_CLKSourceConfig  stm32f1xx_hal_cortex.o
    0x0800327c   0x0800327c   0x00000034   Code   RO         1683    i.HAL_SYSTICK_Config  stm32f1xx_hal_cortex.o
    0x080032b0   0x080032b0   0x00000002   Code   RO         3155    i.HAL_TIMEx_BreakCallback  stm32f1xx_hal_tim_ex.o
    0x080032b2   0x080032b2   0x00000002   Code   RO         3156    i.HAL_TIMEx_CommutCallback  stm32f1xx_hal_tim_ex.o
    0x080032b4   0x080032b4   0x0000009c   Code   RO         3174    i.HAL_TIMEx_MasterConfigSynchronization  stm32f1xx_hal_tim_ex.o
    0x08003350   0x08003350   0x00000066   Code   RO         2440    i.HAL_TIM_Base_Init  stm32f1xx_hal_tim.o
    0x080033b6   0x080033b6   0x00000002   PAD
    0x080033b8   0x080033b8   0x00000044   Code   RO          648    i.HAL_TIM_Base_MspInit  tim.o
    0x080033fc   0x080033fc   0x00000090   Code   RO         2445    i.HAL_TIM_Base_Start_IT  stm32f1xx_hal_tim.o
    0x0800348c   0x0800348c   0x00000108   Code   RO         2449    i.HAL_TIM_ConfigClockSource  stm32f1xx_hal_tim.o
    0x08003594   0x08003594   0x00000002   Code   RO         2474    i.HAL_TIM_IC_CaptureCallback  stm32f1xx_hal_tim.o
    0x08003596   0x08003596   0x00000196   Code   RO         2488    i.HAL_TIM_IRQHandler  stm32f1xx_hal_tim.o
    0x0800372c   0x0800372c   0x00000058   Code   RO          649    i.HAL_TIM_MspPostInit  tim.o
    0x08003784   0x08003784   0x00000002   Code   RO         2491    i.HAL_TIM_OC_DelayElapsedCallback  stm32f1xx_hal_tim.o
    0x08003786   0x08003786   0x000000fc   Code   RO         2512    i.HAL_TIM_PWM_ConfigChannel  stm32f1xx_hal_tim.o
    0x08003882   0x08003882   0x00000066   Code   RO         2515    i.HAL_TIM_PWM_Init  stm32f1xx_hal_tim.o
    0x080038e8   0x080038e8   0x00000002   Code   RO         2517    i.HAL_TIM_PWM_MspInit  stm32f1xx_hal_tim.o
    0x080038ea   0x080038ea   0x00000002   Code   RO         2518    i.HAL_TIM_PWM_PulseFinishedCallback  stm32f1xx_hal_tim.o
    0x080038ec   0x080038ec   0x0000001c   Code   RO          650    i.HAL_TIM_PeriodElapsedCallback  tim.o
    0x08003908   0x08003908   0x00000002   Code   RO         2531    i.HAL_TIM_TriggerCallback  stm32f1xx_hal_tim.o
    0x0800390a   0x0800390a   0x00000004   Code   RO          705    i.HardFault_Handler  stm32f1xx_it.o
    0x0800390e   0x0800390e   0x00000002   PAD
    0x08003910   0x08003910   0x0000009c   Code   RO          351    i.KEY_Init          key.o
    0x080039ac   0x080039ac   0x000000c8   Code   RO          352    i.KEY_Scan          key.o
    0x08003a74   0x08003a74   0x000000e4   Code   RO           14    i.LCD_GPIO_Init     lcd_driver.o
    0x08003b58   0x08003b58   0x00000034   Code   RO           15    i.LCD_WriteData_16Bit  lcd_driver.o
    0x08003b8c   0x08003b8c   0x00000032   Code   RO           16    i.Lcd_Clear         lcd_driver.o
    0x08003bbe   0x08003bbe   0x00000222   Code   RO           17    i.Lcd_Init          lcd_driver.o
    0x08003de0   0x08003de0   0x00000010   Code   RO           19    i.Lcd_Reset         lcd_driver.o
    0x08003df0   0x08003df0   0x00000056   Code   RO           20    i.Lcd_SetRegion     lcd_driver.o
    0x08003e46   0x08003e46   0x00000002   PAD
    0x08003e48   0x08003e48   0x0000002c   Code   RO           22    i.Lcd_WriteData     lcd_driver.o
    0x08003e74   0x08003e74   0x0000002c   Code   RO           23    i.Lcd_WriteIndex    lcd_driver.o
    0x08003ea0   0x08003ea0   0x000000a0   Code   RO          535    i.MX_ADC1_Init      adc.o
    0x08003f40   0x08003f40   0x00000044   Code   RO          578    i.MX_DAC_Init       dac.o
    0x08003f84   0x08003f84   0x00000024   Code   RO          623    i.MX_DMA_Init       dma.o
    0x08003fa8   0x08003fa8   0x0000000e   Code   RO          509    i.MX_GPIO_Init      gpio.o
    0x08003fb6   0x08003fb6   0x00000002   PAD
    0x08003fb8   0x08003fb8   0x000000ac   Code   RO          651    i.MX_TIM3_Init      tim.o
    0x08004064   0x08004064   0x00000004   Code   RO          706    i.MemManage_Handler  stm32f1xx_it.o
    0x08004068   0x08004068   0x00000158   Code   RO          425    i.Mode1             main.o
    0x080041c0   0x080041c0   0x00000184   Code   RO          426    i.Mode2             main.o
    0x08004344   0x08004344   0x000001bc   Code   RO          427    i.Mode3             main.o
    0x08004500   0x08004500   0x00000004   Code   RO          707    i.NMI_Handler       stm32f1xx_it.o
    0x08004504   0x08004504   0x00000002   Code   RO          708    i.PendSV_Handler    stm32f1xx_it.o
    0x08004506   0x08004506   0x00000002   PAD
    0x08004508   0x08004508   0x00000028   Code   RO         1380    i.RCC_Delay         stm32f1xx_hal_rcc.o
    0x08004530   0x08004530   0x00000040   Code   RO           25    i.SPI_WriteData     lcd_driver.o
    0x08004570   0x08004570   0x00000002   Code   RO          709    i.SVC_Handler       stm32f1xx_it.o
    0x08004572   0x08004572   0x00000008   Code   RO          710    i.SysTick_Handler   stm32f1xx_it.o
    0x0800457a   0x0800457a   0x00000082   Code   RO          428    i.SystemClock_Config  main.o
    0x080045fc   0x080045fc   0x00000002   Code   RO         3423    i.SystemInit        system_stm32f1xx.o
    0x080045fe   0x080045fe   0x00000002   PAD
    0x08004600   0x08004600   0x00000010   Code   RO          711    i.TIM3_IRQHandler   stm32f1xx_it.o
    0x08004610   0x08004610   0x0000009c   Code   RO         2533    i.TIM_Base_SetConfig  stm32f1xx_hal_tim.o
    0x080046ac   0x080046ac   0x00000016   Code   RO         2544    i.TIM_ETR_SetConfig  stm32f1xx_hal_tim.o
    0x080046c2   0x080046c2   0x00000012   Code   RO         2545    i.TIM_ITRx_SetConfig  stm32f1xx_hal_tim.o
    0x080046d4   0x080046d4   0x00000070   Code   RO         2546    i.TIM_OC1_SetConfig  stm32f1xx_hal_tim.o
    0x08004744   0x08004744   0x0000007c   Code   RO         2547    i.TIM_OC2_SetConfig  stm32f1xx_hal_tim.o
    0x080047c0   0x080047c0   0x00000078   Code   RO         2548    i.TIM_OC3_SetConfig  stm32f1xx_hal_tim.o
    0x08004838   0x08004838   0x00000054   Code   RO         2549    i.TIM_OC4_SetConfig  stm32f1xx_hal_tim.o
    0x0800488c   0x0800488c   0x00000026   Code   RO         2551    i.TIM_TI1_ConfigInputStage  stm32f1xx_hal_tim.o
    0x080048b2   0x080048b2   0x00000028   Code   RO         2553    i.TIM_TI2_ConfigInputStage  stm32f1xx_hal_tim.o
    0x080048da   0x080048da   0x00000002   PAD
    0x080048dc   0x080048dc   0x00000248   Code   RO          429    i.Tim3_Deal         main.o
    0x08004b24   0x08004b24   0x00000004   Code   RO          712    i.UsageFault_Handler  stm32f1xx_it.o
    0x08004b28   0x08004b28   0x00000028   Code   RO         3626    i.__ARM_fpclassify  m_ws.l(fpclassify.o)
    0x08004b50   0x08004b50   0x00000010   Code   RO         1685    i.__NVIC_GetPriorityGrouping  stm32f1xx_hal_cortex.o
    0x08004b60   0x08004b60   0x00000028   Code   RO         1686    i.__NVIC_SetPriority  stm32f1xx_hal_cortex.o
    0x08004b88   0x08004b88   0x0000000e   Code   RO         3480    i._is_digit         c_w.l(__printf_wp.o)
    0x08004b96   0x08004b96   0x00000002   PAD
    0x08004b98   0x08004b98   0x00000014   Code   RO          385    i.delay_init        delay.o
    0x08004bac   0x08004bac   0x00000018   Code   RO          386    i.delay_ms          delay.o
    0x08004bc4   0x08004bc4   0x00000048   Code   RO          387    i.delay_us          delay.o
    0x08004c0c   0x08004c0c   0x00000164   Code   RO          430    i.main              main.o
    0x08004d70   0x08004d70   0x0000002c   Code   RO         3622    locale$$code        c_w.l(lc_numeric_c.o)
    0x08004d9c   0x08004d9c   0x00000062   Code   RO         3499    x$fpl$d2f           fz_ws.l(d2f.o)
    0x08004dfe   0x08004dfe   0x00000002   PAD
    0x08004e00   0x08004e00   0x00000150   Code   RO         3501    x$fpl$dadd          fz_ws.l(daddsub_clz.o)
    0x08004f50   0x08004f50   0x00000018   Code   RO         3559    x$fpl$dcmpinf       fz_ws.l(dcmpi.o)
    0x08004f68   0x08004f68   0x000002b0   Code   RO         3508    x$fpl$ddiv          fz_ws.l(ddiv.o)
    0x08005218   0x08005218   0x0000005a   Code   RO         3511    x$fpl$dfixu         fz_ws.l(dfixu.o)
    0x08005272   0x08005272   0x00000026   Code   RO         3515    x$fpl$dfltu         fz_ws.l(dflt_clz.o)
    0x08005298   0x08005298   0x00000078   Code   RO         3521    x$fpl$dleqf         fz_ws.l(dleqf.o)
    0x08005310   0x08005310   0x00000154   Code   RO         3523    x$fpl$dmul          fz_ws.l(dmul.o)
    0x08005464   0x08005464   0x0000009c   Code   RO         3561    x$fpl$dnaninf       fz_ws.l(dnaninf.o)
    0x08005500   0x08005500   0x0000000c   Code   RO         3563    x$fpl$dretinf       fz_ws.l(dretinf.o)
    0x0800550c   0x0800550c   0x0000006c   Code   RO         3525    x$fpl$drleqf        fz_ws.l(drleqf.o)
    0x08005578   0x08005578   0x000001d4   Code   RO         3503    x$fpl$dsub          fz_ws.l(daddsub_clz.o)
    0x0800574c   0x0800574c   0x00000056   Code   RO         3527    x$fpl$f2d           fz_ws.l(f2d.o)
    0x080057a2   0x080057a2   0x00000002   PAD
    0x080057a4   0x080057a4   0x00000184   Code   RO         3536    x$fpl$fdiv          fz_ws.l(fdiv.o)
    0x08005928   0x08005928   0x00000026   Code   RO         3539    x$fpl$ffltu         fz_ws.l(fflt_clz.o)
    0x0800594e   0x0800594e   0x0000008c   Code   RO         3565    x$fpl$fnaninf       fz_ws.l(fnaninf.o)
    0x080059da   0x080059da   0x0000000a   Code   RO         3567    x$fpl$fretinf       fz_ws.l(fretinf.o)
    0x080059e4   0x080059e4   0x00000004   Code   RO         3547    x$fpl$printf1       fz_ws.l(printf1.o)
    0x080059e8   0x080059e8   0x00000000   Code   RO         3569    x$fpl$usenofp       fz_ws.l(usenofp.o)
    0x080059e8   0x080059e8   0x000018d0   Data   RO          239    .constdata          gui.o
    0x080072b8   0x080072b8   0x00000018   Data   RO         3424    .constdata          system_stm32f1xx.o
    0x080072d0   0x080072d0   0x00000011   Data   RO         3483    .constdata          c_w.l(__printf_flags_wp.o)
    0x080072e1   0x080072e1   0x00000003   PAD
    0x080072e4   0x080072e4   0x00000094   Data   RO         3597    .constdata          c_w.l(bigflt0.o)
    0x08007378   0x08007378   0x00000020   Data   RO         3769    Region$$Table       anon$$obj.o
    0x08007398   0x08007398   0x0000001c   Data   RO         3621    locale$$data        c_w.l(lc_numeric_c.o)


    Execution Region RW_IRAM1 (Exec base: 0x20000000, Load base: 0x080073b4, Size: 0x00000830, Max: 0x0000c000, ABSOLUTE)

    Exec Addr    Load Addr    Size         Type   Attr      Idx    E Section Name        Object

    0x20000000   0x080073b4   0x00000001   Data   RW          353    .data               key.o
    0x20000001   0x080073b5   0x00000003   PAD
    0x20000004   0x080073b8   0x00000004   Data   RW          388    .data               delay.o
    0x20000008   0x080073bc   0x0000009a   Data   RW          432    .data               main.o
    0x200000a2   0x08007456   0x00000002   Data   RW          653    .data               tim.o
    0x200000a4   0x08007458   0x00000009   Data   RW         1217    .data               stm32f1xx_hal.o
    0x200000ad   0x08007461   0x00000003   PAD
    0x200000b0   0x08007464   0x00000004   Data   RW         3425    .data               system_stm32f1xx.o
    0x200000b4        -       0x0000004a   Zero   RW          431    .bss                main.o
    0x200000fe   0x08007468   0x00000002   PAD
    0x20000100        -       0x00000074   Zero   RW          536    .bss                adc.o
    0x20000174        -       0x00000014   Zero   RW          579    .bss                dac.o
    0x20000188        -       0x00000048   Zero   RW          652    .bss                tim.o
    0x200001d0        -       0x00000060   Zero   RW         3629    .bss                c_w.l(libspace.o)
    0x20000230        -       0x00000200   Zero   RW            2    HEAP                startup_stm32f103xe.o
    0x20000430        -       0x00000400   Zero   RW            1    STACK               startup_stm32f103xe.o


==============================================================================

Image component sizes


      Code (inc. data)   RO Data    RW Data    ZI Data      Debug   Object Name

       336         32          0          0        116       1779   adc.o
       180         24          0          0         20       1611   dac.o
       116          8          0          4          0       1827   delay.o
        36          4          0          0          0        722   dma.o
        14          0          0          0          0        455   gpio.o
       404         10       6352          0          0       2356   gui.o
       356         18          0          1          0       1618   key.o
      1162         42          0          0          0     509618   lcd_driver.o
      2284        532          0        154         74       6010   main.o
        64         26        304          0       1536        804   startup_stm32f103xe.o
       152         32          0          9          0       5845   stm32f1xx_hal.o
      1456         58          0          0          0       8282   stm32f1xx_hal_adc.o
       280          4          0          0          0       1446   stm32f1xx_hal_adc_ex.o
       344         22          0          0          0      29949   stm32f1xx_hal_cortex.o
       318          0          0          0          0       3929   stm32f1xx_hal_dac.o
      1260         18          0          0          0       3743   stm32f1xx_hal_dma.o
       860         40          0          0          0       3303   stm32f1xx_hal_gpio.o
        84          8          0          0          0        882   stm32f1xx_hal_msp.o
      1752        100          0          0          0       5409   stm32f1xx_hal_rcc.o
       612         46          0          0          0       2409   stm32f1xx_hal_rcc_ex.o
      1994         80          0          0          0      13944   stm32f1xx_hal_tim.o
       160         22          0          0          0       2377   stm32f1xx_hal_tim_ex.o
        66         12          0          0          0       4791   stm32f1xx_it.o
         2          0         24          4          0       1095   system_stm32f1xx.o
       356         38          0          2         72       2818   tim.o

    ----------------------------------------------------------------------
     14666       1176       6712        180       1820     617022   Object Totals
         0          0         32          0          0          0   (incl. Generated)
        18          0          0          6          2          0   (incl. Padding)

    ----------------------------------------------------------------------

      Code (inc. data)   RO Data    RW Data    ZI Data      Debug   Library Member Name

         8          0          0          0          0         68   __main.o
       312          4         17          0          0         92   __printf_flags_wp.o
        14          0          0          0          0         68   __printf_wp.o
         0          0          0          0          0          0   __rtentry.o
        12          0          0          0          0          0   __rtentry2.o
         6          0          0          0          0          0   __rtentry4.o
        52          8          0          0          0          0   __scatter.o
        26          0          0          0          0          0   __scatter_copy.o
        28          0          0          0          0          0   __scatter_zi.o
        48          6          0          0          0         96   _printf_char_common.o
         6          0          0          0          0          0   _printf_d.o
       120         16          0          0          0         92   _printf_dec.o
         6          0          0          0          0          0   _printf_f.o
      1054          0          0          0          0        216   _printf_fp_dec.o
       128         16          0          0          0         84   _printf_fp_infnan.o
       178          0          0          0          0         88   _printf_intcommon.o
        78          0          0          0          0        108   _printf_pad.o
         0          0          0          0          0          0   _printf_percent.o
         4          0          0          0          0          0   _printf_percent_end.o
        10          0          0          0          0         68   _sputc.o
       228          4        148          0          0         96   bigflt0.o
      1936        128          0          0          0        672   btod.o
        18          0          0          0          0         80   exit.o
         6          0          0          0          0        152   heapauxi.o
         0          0          0          0          0          0   indicate_semi.o
        44         10         28          0          0         76   lc_numeric_c.o
         2          0          0          0          0          0   libinit.o
        18          0          0          0          0          0   libinit2.o
         2          0          0          0          0          0   libshutdown.o
         2          0          0          0          0          0   libshutdown2.o
         8          4          0          0         96         68   libspace.o
       138          0          0          0          0         80   lludiv10.o
        40          6          0          0          0         84   noretval__2sprintf.o
         8          4          0          0          0         68   rt_locale_intlibspace.o
        78          0          0          0          0         80   rt_memclr_w.o
         2          0          0          0          0          0   rtexit.o
        10          0          0          0          0          0   rtexit2.o
       128          0          0          0          0         68   strcmpv7m.o
        12          4          0          0          0         68   sys_exit.o
        74          0          0          0          0         80   sys_stackheap_outer.o
         2          0          0          0          0         68   use_no_semi.o
        98          4          0          0          0         92   d2f.o
       804         16          0          0          0        272   daddsub_clz.o
        24          0          0          0          0         68   dcmpi.o
       688        140          0          0          0        208   ddiv.o
        90          4          0          0          0         92   dfixu.o
        38          0          0          0          0         68   dflt_clz.o
       120          4          0          0          0         92   dleqf.o
       340         12          0          0          0        104   dmul.o
       156          4          0          0          0         92   dnaninf.o
        12          0          0          0          0         68   dretinf.o
       108          0          0          0          0         80   drleqf.o
        86          4          0          0          0         84   f2d.o
       388         76          0          0          0         96   fdiv.o
        38          0          0          0          0         68   fflt_clz.o
       140          4          0          0          0         84   fnaninf.o
        10          0          0          0          0         68   fretinf.o
         4          0          0          0          0         68   printf1.o
         0          0          0          0          0          0   usenofp.o
        40          0          0          0          0         68   fpclassify.o

    ----------------------------------------------------------------------
      8046        478        196          0         96       4492   Library Totals
        16          0          3          0          0          0   (incl. Padding)

    ----------------------------------------------------------------------

      Code (inc. data)   RO Data    RW Data    ZI Data      Debug   Library Name

      4846        210        193          0         96       2720   c_w.l
      3144        268          0          0          0       1704   fz_ws.l
        40          0          0          0          0         68   m_ws.l

    ----------------------------------------------------------------------
      8046        478        196          0         96       4492   Library Totals

    ----------------------------------------------------------------------

==============================================================================


      Code (inc. data)   RO Data    RW Data    ZI Data      Debug   

     22712       1654       6908        180       1916     613450   Grand Totals
     22712       1654       6908        180       1916     613450   ELF Image Totals
     22712       1654       6908        180          0          0   ROM Totals

==============================================================================

    Total RO  Size (Code + RO Data)                29620 (  28.93kB)
    Total RW  Size (RW Data + ZI Data)              2096 (   2.05kB)
    Total ROM Size (Code + RO Data + RW Data)      29800 (  29.10kB)

==============================================================================

